Component: ARM Compiler 5.06 update 6 (build 750) Tool: armlink [4d35ed]

==============================================================================

Section Cross References

    startup_stm32f10x_md.o(STACK) refers (Special) to heapauxi.o(.text) for __use_two_region_memory
    startup_stm32f10x_md.o(HEAP) refers (Special) to heapauxi.o(.text) for __use_two_region_memory
    startup_stm32f10x_md.o(RESET) refers (Special) to heapauxi.o(.text) for __use_two_region_memory
    startup_stm32f10x_md.o(RESET) refers to startup_stm32f10x_md.o(STACK) for __initial_sp
    startup_stm32f10x_md.o(RESET) refers to startup_stm32f10x_md.o(.text) for Reset_Handler
    startup_stm32f10x_md.o(RESET) refers to stm32f10x_it.o(.text) for NMI_Handler
    startup_stm32f10x_md.o(RESET) refers to qmax981.o(.text) for EXTI15_10_IRQHandler
    startup_stm32f10x_md.o(.text) refers (Special) to heapauxi.o(.text) for __use_two_region_memory
    startup_stm32f10x_md.o(.text) refers to system_stm32f10x.o(.text) for SystemInit
    startup_stm32f10x_md.o(.text) refers to __main.o(!!!main) for __main
    startup_stm32f10x_md.o(.text) refers to startup_stm32f10x_md.o(HEAP) for Heap_Mem
    startup_stm32f10x_md.o(.text) refers to startup_stm32f10x_md.o(STACK) for Stack_Mem
    system_stm32f10x.o(.text) refers to system_stm32f10x.o(.data) for SystemCoreClock
    stm32f10x_adc.o(.text) refers to stm32f10x_rcc.o(.text) for RCC_APB2PeriphResetCmd
    stm32f10x_bkp.o(.text) refers to stm32f10x_rcc.o(.text) for RCC_BackupResetCmd
    stm32f10x_can.o(.text) refers to stm32f10x_rcc.o(.text) for RCC_APB1PeriphResetCmd
    stm32f10x_cec.o(.text) refers to stm32f10x_rcc.o(.text) for RCC_APB1PeriphResetCmd
    stm32f10x_dac.o(.text) refers to stm32f10x_rcc.o(.text) for RCC_APB1PeriphResetCmd
    stm32f10x_gpio.o(.text) refers to stm32f10x_rcc.o(.text) for RCC_APB2PeriphResetCmd
    stm32f10x_i2c.o(.text) refers to stm32f10x_rcc.o(.text) for RCC_APB1PeriphResetCmd
    stm32f10x_pwr.o(.text) refers to stm32f10x_rcc.o(.text) for RCC_APB1PeriphResetCmd
    stm32f10x_rcc.o(.text) refers to stm32f10x_rcc.o(.data) for APBAHBPrescTable
    stm32f10x_spi.o(.text) refers to stm32f10x_rcc.o(.text) for RCC_APB2PeriphResetCmd
    stm32f10x_tim.o(.text) refers to stm32f10x_rcc.o(.text) for RCC_APB2PeriphResetCmd
    stm32f10x_usart.o(.text) refers to stm32f10x_rcc.o(.text) for RCC_APB2PeriphResetCmd
    stm32f10x_wwdg.o(.text) refers to stm32f10x_rcc.o(.text) for RCC_APB1PeriphResetCmd
    main.o(.text) refers to _printf_percent.o(.ARM.Collect$$_printf_percent$$00000000) for _printf_percent
    main.o(.text) refers to _printf_f.o(.ARM.Collect$$_printf_percent$$00000003) for _printf_f
    main.o(.text) refers to printf1.o(x$fpl$printf1) for _printf_fp_dec
    main.o(.text) refers to qmax981.o(.text) for qmaX981_read_acc
    main.o(.text) refers to fflt_clz.o(x$fpl$fflt) for __aeabi_i2f
    main.o(.text) refers to fdiv.o(x$fpl$fdiv) for __aeabi_fdiv
    main.o(.text) refers to f2d.o(x$fpl$f2d) for __aeabi_f2d
    main.o(.text) refers to __2sprintf.o(.text) for __2sprintf
    main.o(.text) refers to oled.o(.text) for OLED_Clear
    main.o(.text) refers to qmp6988.o(.text) for qmp6988_calc_pressure
    main.o(.text) refers to bsp_usart.o(.text) for console_write
    main.o(.text) refers to bsp_led.o(.text) for LED_GPIO_Config
    main.o(.text) refers to qst_sw_i2c.o(.text) for i2c_sw_gpio_config
    main.o(.text) refers to bsp_spi.o(.text) for Spi_Init
    main.o(.text) refers to bsp_timer.o(.text) for bsp_timer_hw_init
    main.o(.text) refers to main.o(.data) for qst_device_type
    stm32f10x_it.o(.text) refers to bsp_timer.o(.text) for bsp_timer_update_all
    stm32f10x_it.o(.text) refers to stm32f10x_tim.o(.text) for TIM_GetITStatus
    bsp_led.o(.text) refers to stm32f10x_rcc.o(.text) for RCC_APB2PeriphClockCmd
    bsp_led.o(.text) refers to stm32f10x_gpio.o(.text) for GPIO_Init
    bsp_systick.o(.text) refers to system_stm32f10x.o(.data) for SystemCoreClock
    bsp_usart.o(.text) refers to vfprintf.o(.text) for vfprintf
    bsp_usart.o(.text) refers to stm32f10x_usart.o(.text) for USART_GetFlagStatus
    bsp_usart.o(.text) refers to stm32f10x_rcc.o(.text) for RCC_APB2PeriphClockCmd
    bsp_usart.o(.text) refers to stm32f10x_gpio.o(.text) for GPIO_Init
    bsp_usart.o(.text) refers to stdio_streams.o(.bss) for __stdout
    bsp_i2c.o(.text) refers to stm32f10x_rcc.o(.text) for RCC_APB1PeriphClockCmd
    bsp_i2c.o(.text) refers to stm32f10x_gpio.o(.text) for GPIO_Init
    bsp_i2c.o(.text) refers to stm32f10x_i2c.o(.text) for I2C_Init
    bsp_i2c.o(.text) refers to bsp_usart.o(.text) for console_write
    bsp_i2c.o(.text) refers to bsp_i2c.o(.data) for i2c1_slave_address
    bsp_rtc.o(.text) refers to _scanf_int.o(.text) for _scanf_int
    bsp_rtc.o(.text) refers to misc.o(.text) for NVIC_PriorityGroupConfig
    bsp_rtc.o(.text) refers to stm32f10x_rcc.o(.text) for RCC_APB1PeriphClockCmd
    bsp_rtc.o(.text) refers to stm32f10x_pwr.o(.text) for PWR_BackupAccessCmd
[...]
    DMA1_Channel5_IRQHandler                 0x0800025f   Thumb Code     0  startup_stm32f10x_md.o(.text)
    DMA1_Channel6_IRQHandler                 0x0800025f   Thumb Code     0  startup_stm32f10x_md.o(.text)
    DMA1_Channel7_IRQHandler                 0x0800025f   Thumb Code     0  startup_stm32f10x_md.o(.text)
    EXTI0_IRQHandler                         0x0800025f   Thumb Code     0  startup_stm32f10x_md.o(.text)
    EXTI1_IRQHandler                         0x0800025f   Thumb Code     0  startup_stm32f10x_md.o(.text)
    EXTI2_IRQHandler                         0x0800025f   Thumb Code     0  startup_stm32f10x_md.o(.text)
    EXTI3_IRQHandler                         0x0800025f   Thumb Code     0  startup_stm32f10x_md.o(.text)
    EXTI4_IRQHandler                         0x0800025f   Thumb Code     0  startup_stm32f10x_md.o(.text)
    EXTI9_5_IRQHandler                       0x0800025f   Thumb Code     0  startup_stm32f10x_md.o(.text)
    FLASH_IRQHandler                         0x0800025f   Thumb Code     0  startup_stm32f10x_md.o(.text)
    I2C1_ER_IRQHandler                       0x0800025f   Thumb Code     0  startup_stm32f10x_md.o(.text)
    I2C1_EV_IRQHandler                       0x0800025f   Thumb Code     0  startup_stm32f10x_md.o(.text)
    I2C2_ER_IRQHandler                       0x0800025f   Thumb Code     0  startup_stm32f10x_md.o(.text)
    I2C2_EV_IRQHandler                       0x0800025f   Thumb Code     0  startup_stm32f10x_md.o(.text)
    PVD_IRQHandler                           0x0800025f   Thumb Code     0  startup_stm32f10x_md.o(.text)
    RCC_IRQHandler                           0x0800025f   Thumb Code     0  startup_stm32f10x_md.o(.text)
    RTCAlarm_IRQHandler                      0x0800025f   Thumb Code     0  startup_stm32f10x_md.o(.text)
    RTC_IRQHandler                           0x0800025f   Thumb Code     0  startup_stm32f10x_md.o(.text)
    SPI1_IRQHandler                          0x0800025f   Thumb Code     0  startup_stm32f10x_md.o(.text)
    SPI2_IRQHandler                          0x0800025f   Thumb Code     0  startup_stm32f10x_md.o(.text)
    TAMPER_IRQHandler                        0x0800025f   Thumb Code     0  startup_stm32f10x_md.o(.text)
    TIM1_BRK_IRQHandler                      0x0800025f   Thumb Code     0  startup_stm32f10x_md.o(.text)
    TIM1_CC_IRQHandler                       0x0800025f   Thumb Code     0  startup_stm32f10x_md.o(.text)
    TIM1_TRG_COM_IRQHandler                  0x0800025f   Thumb Code     0  startup_stm32f10x_md.o(.text)
    TIM1_UP_IRQHandler                       0x0800025f   Thumb Code     0  startup_stm32f10x_md.o(.text)
    USART1_IRQHandler                        0x0800025f   Thumb Code     0  startup_stm32f10x_md.o(.text)
    USART2_IRQHandler                        0x0800025f   Thumb Code     0  startup_stm32f10x_md.o(.text)
    USART3_IRQHandler                        0x0800025f   Thumb Code     0  startup_stm32f10x_md.o(.text)
    USBWakeUp_IRQHandler                     0x0800025f   Thumb Code     0  startup_stm32f10x_md.o(.text)
    USB_HP_CAN1_TX_IRQHandler                0x0800025f   Thumb Code     0  startup_stm32f10x_md.o(.text)
    USB_LP_CAN1_RX0_IRQHandler               0x0800025f   Thumb Code     0  startup_stm32f10x_md.o(.text)
    WWDG_IRQHandler                          0x0800025f   Thumb Code     0  startup_stm32f10x_md.o(.text)
    __user_initial_stackheap                 0x08000261   Thumb Code     0  startup_stm32f10x_md.o(.text)
    SystemInit                               0x08000363   Thumb Code    78  system_stm32f10x.o(.text)
    SystemCoreClockUpdate                    0x080003b1   Thumb Code   142  system_stm32f10x.o(.text)
    NVIC_PriorityGroupConfig                 0x08000465   Thumb Code    10  misc.o(.text)
    NVIC_Init                                0x0800046f   Thumb Code   100  misc.o(.text)
    NVIC_SetVectorTable                      0x080004d3   Thumb Code    14  misc.o(.text)
    NVIC_SystemLPConfig                      0x080004e1   Thumb Code    34  misc.o(.text)
    SysTick_CLKSourceConfig                  0x08000503   Thumb Code    40  misc.o(.text)
    EXTI_DeInit                              0x08000541   Thumb Code    28  stm32f10x_exti.o(.text)
    EXTI_Init                                0x0800055d   Thumb Code   142  stm32f10x_exti.o(.text)
    EXTI_StructInit                          0x080005eb   Thumb Code    16  stm32f10x_exti.o(.text)
    EXTI_GenerateSWInterrupt                 0x080005fb   Thumb Code    16  stm32f10x_exti.o(.text)
    EXTI_GetFlagStatus                       0x0800060b   Thumb Code    22  stm32f10x_exti.o(.text)
    EXTI_ClearFlag                           0x08000621   Thumb Code     8  stm32f10x_exti.o(.text)
    EXTI_GetITStatus                         0x08000629   Thumb Code    34  stm32f10x_exti.o(.text)
    EXTI_ClearITPendingBit                   0x0800064b   Thumb Code     8  stm32f10x_exti.o(.text)
    GPIO_DeInit                              0x0800065d   Thumb Code   172  stm32f10x_gpio.o(.text)
    GPIO_AFIODeInit                          0x08000709   Thumb Code    20  stm32f10x_gpio.o(.text)
    GPIO_Init                                0x0800071d   Thumb Code   278  stm32f10x_gpio.o(.text)
    GPIO_StructInit                          0x08000833   Thumb Code    16  stm32f10x_gpio.o(.text)
    GPIO_ReadInputDataBit                    0x08000843   Thumb Code    18  stm32f10x_gpio.o(.text)
    GPIO_ReadInputData                       0x08000855   Thumb Code     8  stm32f10x_gpio.o(.text)
    GPIO_ReadOutputDataBit                   0x0800085d   Thumb Code    18  stm32f10x_gpio.o(.text)
    GPIO_ReadOutputData                      0x0800086f   Thumb Code     8  stm32f10x_gpio.o(.text)
    GPIO_SetBits                             0x08000877   Thumb Code     4  stm32f10x_gpio.o(.text)
    GPIO_ResetBits                           0x0800087b   Thumb Code     4  stm32f10x_gpio.o(.text)
    GPIO_WriteBit                            0x0800087f   Thumb Code    10  stm32f10x_gpio.o(.text)
    GPIO_Write                               0x08000889   Thumb Code     4  stm32f10x_gpio.o(.text)
    GPIO_PinLockConfig                       0x0800088d   Thumb Code    18  stm32f10x_gpio.o(.text)
    GPIO_EventOutputConfig                   0x0800089f   Thumb Code    26  stm32f10x_gpio.o(.text)
    GPIO_EventOutputCmd                      0x080008b9   Thumb Code     6  stm32f10x_gpio.o(.text)
    GPIO_PinRemapConfig                      0x080008bf   Thumb Code   138  stm32f10x_gpio.o(.text)
    GPIO_EXTILineConfig                      0x08000949   Thumb Code    66  stm32f10x_gpio.o(.text)
    GPIO_ETH_MediaInterfaceConfig            0x0800098b   Thumb Code     8  stm32f10x_gpio.o(.text)
    RCC_DeInit                               0x080009b9   Thumb Code    64  stm32f10x_rcc.o(.text)
    RCC_HSEConfig                            0x080009f9   Thumb Code    70  stm32f10x_rcc.o(.text)
    RCC_GetFlagStatus                        0x08000a3f   Thumb Code    56  stm32f10x_rcc.o(.text)
    RCC_WaitForHSEStartUp                    0x08000a77   Thumb Code    56  stm32f10x_rcc.o(.text)
    RCC_AdjustHSICalibrationValue            0x08000aaf   Thumb Code    20  stm32f10x_rcc.o(.text)
    RCC_HSICmd                               0x08000ac3   Thumb Code     6  stm32f10x_rcc.o(.text)
    RCC_PLLConfig                            0x08000ac9   Thumb Code    24  stm32f10x_rcc.o(.text)
    RCC_PLLCmd                               0x08000ae1   Thumb Code     6  stm32f10x_rcc.o(.text)
    RCC_SYSCLKConfig                         0x08000ae7   Thumb Code    18  stm32f10x_rcc.o(.text)
    RCC_GetSYSCLKSource                      0x08000af9   Thumb Code    10  stm32f10x_rcc.o(.text)
    RCC_HCLKConfig                           0x08000b03   Thumb Code    18  stm32f10x_rcc.o(.text)
    RCC_PCLK1Config                          0x08000b15   Thumb Code    18  stm32f10x_rcc.o(.text)
    RCC_PCLK2Config                          0x08000b27   Thumb Code    20  stm32f10x_rcc.o(.text)
    RCC_ITConfig                             0x08000b3b   Thumb Code    26  stm32f10x_rcc.o(.text)
    RCC_USBCLKConfig                         0x08000b55   Thumb Code     8  stm32f10x_rcc.o(.text)
    RCC_ADCCLKConfig                         0x08000b5d   Thumb Code    18  stm32f10x_rcc.o(.text)
    RCC_LSEConfig                            0x08000b6f   Thumb Code    50  stm32f10x_rcc.o(.text)
    RCC_LSICmd                               0x08000ba1   Thumb Code     6  stm32f10x_rcc.o(.text)
    RCC_RTCCLKConfig                         0x08000ba7   Thumb Code    12  stm32f10x_rcc.o(.text)
    RCC_RTCCLKCmd                            0x08000bb3   Thumb Code     8  stm32f10x_rcc.o(.text)
    RCC_GetClocksFreq                        0x08000bbb   Thumb Code   192  stm32f10x_rcc.o(.text)
    RCC_AHBPeriphClockCmd                    0x08000c7b   Thumb Code    26  stm32f10x_rcc.o(.text)
    RCC_APB2PeriphClockCmd                   0x08000c95   Thumb Code    26  stm32f10x_rcc.o(.text)
    RCC_APB1PeriphClockCmd                   0x08000caf   Thumb Code    26  stm32f10x_rcc.o(.text)
    RCC_APB2PeriphResetCmd                   0x08000cc9   Thumb Code    26  stm32f10x_rcc.o(.text)
    RCC_APB1PeriphResetCmd                   0x08000ce3   Thumb Code    26  stm32f10x_rcc.o(.text)
    RCC_BackupResetCmd                       0x08000cfd   Thumb Code     8  stm32f10x_rcc.o(.text)
    RCC_ClockSecuritySystemCmd               0x08000d05   Thumb Code     6  stm32f10x_rcc.o(.text)
    RCC_MCOConfig                            0x08000d0b   Thumb Code     6  stm32f10x_rcc.o(.text)
    RCC_ClearFlag                            0x08000d11   Thumb Code    14  stm32f10x_rcc.o(.text)
    RCC_GetITStatus                          0x08000d1f   Thumb Code    20  stm32f10x_rcc.o(.text)
    RCC_ClearITPendingBit                    0x08000d33   Thumb Code     6  stm32f10x_rcc.o(.text)
    SPI_I2S_DeInit                           0x08000d5d   Thumb Code    76  stm32f10x_spi.o(.text)
    SPI_Init                                 0x08000da9   Thumb Code    60  stm32f10x_spi.o(.text)
    I2S_Init                                 0x08000de5   Thumb Code   226  stm32f10x_spi.o(.text)
    SPI_StructInit                           0x08000ec7   Thumb Code    24  stm32f10x_spi.o(.text)
    I2S_StructInit                           0x08000edf   Thumb Code    20  stm32f10x_spi.o(.text)
    SPI_Cmd                                  0x08000ef3   Thumb Code    24  stm32f10x_spi.o(.text)
    I2S_Cmd                                  0x08000f0b   Thumb Code    24  stm32f10x_spi.o(.text)
    SPI_I2S_ITConfig                         0x08000f23   Thumb Code    32  stm32f10x_spi.o(.text)
    SPI_I2S_DMACmd                           0x08000f43   Thumb Code    18  stm32f10x_spi.o(.text)
    SPI_I2S_SendData                         0x08000f55   Thumb Code     4  stm32f10x_spi.o(.text)
    SPI_I2S_ReceiveData                      0x08000f59   Thumb Code     6  stm32f10x_spi.o(.text)
    SPI_NSSInternalSoftwareConfig            0x08000f5f   Thumb Code    30  stm32f10x_spi.o(.text)
    SPI_SSOutputCmd                          0x08000f7d   Thumb Code    24  stm32f10x_spi.o(.text)
    SPI_DataSizeConfig                       0x08000f95   Thumb Code    18  stm32f10x_spi.o(.text)
    SPI_TransmitCRC                          0x08000fa7   Thumb Code    10  stm32f10x_spi.o(.text)
    SPI_CalculateCRC                         0x08000fb1   Thumb Code    24  stm32f10x_spi.o(.text)
    SPI_GetCRC                               0x08000fc9   Thumb Code    16  stm32f10x_spi.o(.text)
    SPI_GetCRCPolynomial                     0x08000fd9   Thumb Code     6  stm32f10x_spi.o(.text)
    SPI_BiDirectionalLineConfig              0x08000fdf   Thumb Code    28  stm32f10x_spi.o(.text)
    SPI_I2S_GetFlagStatus                    0x08000ffb   Thumb Code    18  stm32f10x_spi.o(.text)
    SPI_I2S_ClearFlag                        0x0800100d   Thumb Code     6  stm32f10x_spi.o(.text)
    SPI_I2S_GetITStatus                      0x08001013   Thumb Code    52  stm32f10x_spi.o(.text)
    SPI_I2S_ClearITPendingBit                0x08001047   Thumb Code    20  stm32f10x_spi.o(.text)
    TIM_DeInit                               0x08001069   Thumb Code   424  stm32f10x_tim.o(.text)
    TIM_TimeBaseInit                         0x08001211   Thumb Code   122  stm32f10x_tim.o(.text)
    TIM_OC1Init                              0x0800128b   Thumb Code   132  stm32f10x_tim.o(.text)
    TIM_OC2Init                              0x0800130f   Thumb Code   154  stm32f10x_tim.o(.text)
    TIM_OC3Init                              0x080013a9   Thumb Code   150  stm32f10x_tim.o(.text)
    TIM_OC4Init                              0x0800143f   Thumb Code   182  stm32f10x_tim.o(.text)
    TIM_SetIC4Prescaler                      0x080014f5   Thumb Code    26  stm32f10x_tim.o(.text)
    TIM_SetIC3Prescaler                      0x08001591   Thumb Code    18  stm32f10x_tim.o(.text)
    TIM_SetIC2Prescaler                      0x0800161d   Thumb Code    26  stm32f10x_tim.o(.text)
    TIM_SetIC1Prescaler                      0x080016b9   Thumb Code    18  stm32f10x_tim.o(.text)
    TIM_ICInit                               0x08001737   Thumb Code   150  stm32f10x_tim.o(.text)
    TIM_PWMIConfig                           0x080017cd   Thumb Code   124  stm32f10x_tim.o(.text)
    TIM_BDTRConfig                           0x08001849   Thumb Code    32  stm32f10x_tim.o(.text)
    TIM_TimeBaseStructInit                   0x08001869   Thumb Code    18  stm32f10x_tim.o(.text)
    TIM_OCStructInit                         0x0800187b   Thumb Code    20  stm32f10x_tim.o(.text)
    TIM_ICStructInit                         0x0800188f   Thumb Code    18  stm32f10x_tim.o(.text)
    TIM_BDTRStructInit                       0x080018a1   Thumb Code    40  stm32f10x_tim.o(.text)
    TIM_Cmd                                  0x080018c9   Thumb Code    24  stm32f10x_tim.o(.text)
    TIM_CtrlPWMOutputs                       0x080018e1   Thumb Code    30  stm32f10x_tim.o(.text)
    TIM_ITConfig                             0x080018ff   Thumb Code    18  stm32f10x_tim.o(.text)
    TIM_GenerateEvent                        0x08001911   Thumb Code     4  stm32f10x_tim.o(.text)
    TIM_DMAConfig                            0x08001915   Thumb Code    10  stm32f10x_tim.o(.text)
    TIM_DMACmd                               0x0800191f   Thumb Code    18  stm32f10x_tim.o(.text)
    TIM_InternalClockConfig                  0x08001931   Thumb Code    12  stm32f10x_tim.o(.text)
    TIM_SelectInputTrigger                   0x0800193d   Thumb Code    18  stm32f10x_tim.o(.text)
    TIM_ITRxExternalClockConfig              0x0800194f   Thumb Code    24  stm32f10x_tim.o(.text)
    TIM_TIxExternalClockConfig               0x08001967   Thumb Code    62  stm32f10x_tim.o(.text)
    TIM_ETRConfig                            0x080019a5   Thumb Code    28  stm32f10x_tim.o(.text)
    TIM_ETRClockMode1Config                  0x080019c1   Thumb Code    54  stm32f10x_tim.o(.text)
    TIM_ETRClockMode2Config                  0x080019f7   Thumb Code    32  stm32f10x_tim.o(.text)
    TIM_PrescalerConfig                      0x08001a17   Thumb Code     6  stm32f10x_tim.o(.text)
    TIM_CounterModeConfig                    0x08001a1d   Thumb Code    18  stm32f10x_tim.o(.text)
    TIM_EncoderInterfaceConfig               0x08001a2f   Thumb Code    66  stm32f10x_tim.o(.text)
    TIM_ForcedOC1Config                      0x08001a71   Thumb Code    18  stm32f10x_tim.o(.text)
    TIM_ForcedOC2Config                      0x08001a83   Thumb Code    26  stm32f10x_tim.o(.text)
    TIM_ForcedOC3Config                      0x08001a9d   Thumb Code    18  stm32f10x_tim.o(.text)
    TIM_ForcedOC4Config                      0x08001aaf   Thumb Code    26  stm32f10x_tim.o(.text)
    TIM_ARRPreloadConfig                     0x08001ac9   Thumb Code    24  stm32f10x_tim.o(.text)
    TIM_SelectCOM                            0x08001ae1   Thumb Code    24  stm32f10x_tim.o(.text)
    TIM_SelectCCDMA                          0x08001af9   Thumb Code    24  stm32f10x_tim.o(.text)
    TIM_CCPreloadControl                     0x08001b11   Thumb Code    24  stm32f10x_tim.o(.text)
    TIM_OC1PreloadConfig                     0x08001b29   Thumb Code    18  stm32f10x_tim.o(.text)
    TIM_OC2PreloadConfig                     0x08001b3b   Thumb Code    26  stm32f10x_tim.o(.text)
    TIM_OC3PreloadConfig                     0x08001b55   Thumb Code    18  stm32f10x_tim.o(.text)
    TIM_OC4PreloadConfig                     0x08001b67   Thumb Code    26  stm32f10x_tim.o(.text)
    TIM_OC1FastConfig                        0x08001b81   Thumb Code    18  stm32f10x_tim.o(.text)
    TIM_OC2FastConfig                        0x08001b93   Thumb Code    26  stm32f10x_tim.o(.text)
    TIM_OC3FastConfig                        0x08001bad   Thumb Code    18  stm32f10x_tim.o(.text)
    TIM_OC4FastConfig                        0x08001bbf   Thumb Code    26  stm32f10x_tim.o(.text)
    TIM_ClearOC1Ref                          0x08001bd9   Thumb Code    18  stm32f10x_tim.o(.text)
    TIM_ClearOC2Ref                          0x08001beb   Thumb Code    24  stm32f10x_tim.o(.text)
    TIM_ClearOC3Ref                          0x08001c03   Thumb Code    18  stm32f10x_tim.o(.text)
    TIM_ClearOC4Ref                          0x08001c15   Thumb Code    24  stm32f10x_tim.o(.text)
    TIM_OC1PolarityConfig                    0x08001c2d   Thumb Code    18  stm32f10x_tim.o(.text)
    TIM_OC1NPolarityConfig                   0x08001c3f   Thumb Code    18  stm32f10x_tim.o(.text)
    TIM_OC2PolarityConfig                    0x08001c51   Thumb Code    26  stm32f10x_tim.o(.text)
    TIM_OC2NPolarityConfig                   0x08001c6b   Thumb Code    26  stm32f10x_tim.o(.text)
    TIM_OC3PolarityConfig                    0x08001c85   Thumb Code    26  stm32f10x_tim.o(.text)
    TIM_OC3NPolarityConfig                   0x08001c9f   Thumb Code    26  stm32f10x_tim.o(.text)
    TIM_OC4PolarityConfig                    0x08001cb9   Thumb Code    26  stm32f10x_tim.o(.text)
    TIM_CCxCmd                               0x08001cd3   Thumb Code    30  stm32f10x_tim.o(.text)
    TIM_CCxNCmd                              0x08001cf1   Thumb Code    30  stm32f10x_tim.o(.text)
    TIM_SelectOCxM                           0x08001d0f   Thumb Code    82  stm32f10x_tim.o(.text)
    TIM_UpdateDisableConfig                  0x08001d61   Thumb Code    24  stm32f10x_tim.o(.text)
    TIM_UpdateRequestConfig                  0x08001d79   Thumb Code    24  stm32f10x_tim.o(.text)
    TIM_SelectHallSensor                     0x08001d91   Thumb Code    24  stm32f10x_tim.o(.text)
    TIM_SelectOnePulseMode                   0x08001da9   Thumb Code    18  stm32f10x_tim.o(.text)
    TIM_SelectOutputTrigger                  0x08001dbb   Thumb Code    18  stm32f10x_tim.o(.text)
    TIM_SelectSlaveMode                      0x08001dcd   Thumb Code    18  stm32f10x_tim.o(.text)
    TIM_SelectMasterSlaveMode                0x08001ddf   Thumb Code    18  stm32f10x_tim.o(.text)
    TIM_SetCounter                           0x08001df1   Thumb Code     4  stm32f10x_tim.o(.text)
    TIM_SetAutoreload                        0x08001df5   Thumb Code     4  stm32f10x_tim.o(.text)
    TIM_SetCompare1                          0x08001df9   Thumb Code     4  stm32f10x_tim.o(.text)
    TIM_SetCompare2                          0x08001dfd   Thumb Code     4  stm32f10x_tim.o(.text)
    TIM_SetCompare3                          0x08001e01   Thumb Code     4  stm32f10x_tim.o(.text)
    TIM_SetCompare4                          0x08001e05   Thumb Code     6  stm32f10x_tim.o(.text)
    TIM_SetClockDivision                     0x08001e0b   Thumb Code    18  stm32f10x_tim.o(.text)
    TIM_GetCapture1                          0x08001e1d   Thumb Code     6  stm32f10x_tim.o(.text)
    TIM_GetCapture2                          0x08001e23   Thumb Code     6  stm32f10x_tim.o(.text)
    TIM_GetCapture3                          0x08001e29   Thumb Code     6  stm32f10x_tim.o(.text)
    TIM_GetCapture4                          0x08001e2f   Thumb Code     8  stm32f10x_tim.o(.text)
    TIM_GetCounter                           0x08001e37   Thumb Code     6  stm32f10x_tim.o(.text)
    TIM_GetPrescaler                         0x08001e3d   Thumb Code     6  stm32f10x_tim.o(.text)
    TIM_GetFlagStatus                        0x08001e43   Thumb Code    18  stm32f10x_tim.o(.text)
    TIM_ClearFlag                            0x08001e55   Thumb Code     6  stm32f10x_tim.o(.text)
    TIM_GetITStatus                          0x08001e5b   Thumb Code    34  stm32f10x_tim.o(.text)
    TIM_ClearITPendingBit                    0x08001e7d   Thumb Code     6  stm32f10x_tim.o(.text)
    USART_DeInit                             0x08001e85   Thumb Code   134  stm32f10x_usart.o(.text)
    USART_Init                               0x08001f0b   Thumb Code   210  stm32f10x_usart.o(.text)
    USART_StructInit                         0x08001fdd   Thumb Code    24  stm32f10x_usart.o(.text)
    USART_ClockInit                          0x08001ff5   Thumb Code    34  stm32f10x_usart.o(.text)
    USART_ClockStructInit                    0x08002017   Thumb Code    12  stm32f10x_usart.o(.text)
    USART_Cmd                                0x08002023   Thumb Code    24  stm32f10x_usart.o(.text)
    USART_ITConfig                           0x0800203b   Thumb Code    74  stm32f10x_usart.o(.text)
    USART_DMACmd                             0x08002085   Thumb Code    18  stm32f10x_usart.o(.text)
    USART_SetAddress                         0x08002097   Thumb Code    18  stm32f10x_usart.o(.text)
    USART_WakeUpConfig                       0x080020a9   Thumb Code    18  stm32f10x_usart.o(.text)
    USART_ReceiverWakeUpCmd                  0x080020bb   Thumb Code    24  stm32f10x_usart.o(.text)
    USART_LINBreakDetectLengthConfig         0x080020d3   Thumb Code    18  stm32f10x_usart.o(.text)
    USART_LINCmd                             0x080020e5   Thumb Code    24  stm32f10x_usart.o(.text)
    USART_SendData                           0x080020fd   Thumb Code     8  stm32f10x_usart.o(.text)
    USART_ReceiveData                        0x08002105   Thumb Code    10  stm32f10x_usart.o(.text)
    USART_SendBreak                          0x0800210f   Thumb Code    10  stm32f10x_usart.o(.text)
    USART_SetGuardTime                       0x08002119   Thumb Code    16  stm32f10x_usart.o(.text)
    USART_SetPrescaler                       0x08002129   Thumb Code    16  stm32f10x_usart.o(.text)
    USART_SmartCardCmd                       0x08002139   Thumb Code    24  stm32f10x_usart.o(.text)
    USART_SmartCardNACKCmd                   0x08002151   Thumb Code    24  stm32f10x_usart.o(.text)
    USART_HalfDuplexCmd                      0x08002169   Thumb Code    24  stm32f10x_usart.o(.text)
    USART_OverSampling8Cmd                   0x08002181   Thumb Code    22  stm32f10x_usart.o(.text)
    USART_OneBitMethodCmd                    0x08002197   Thumb Code    24  stm32f10x_usart.o(.text)
    USART_IrDAConfig                         0x080021af   Thumb Code    18  stm32f10x_usart.o(.text)
    USART_IrDACmd                            0x080021c1   Thumb Code    24  stm32f10x_usart.o(.text)
    USART_GetFlagStatus                      0x080021d9   Thumb Code    26  stm32f10x_usart.o(.text)
    USART_ClearFlag                          0x080021f3   Thumb Code    18  stm32f10x_usart.o(.text)
    USART_GetITStatus                        0x08002205   Thumb Code    84  stm32f10x_usart.o(.text)
    USART_ClearITPendingBit                  0x08002259   Thumb Code    52  stm32f10x_usart.o(.text)
    qst_delay                                0x0800228d   Thumb Code    24  main.o(.text)
    mcu_timer_sensor_cbk                     0x080022a5   Thumb Code   176  main.o(.text)
    mcu_reset_counter                        0x08002355   Thumb Code     8  main.o(.text)
    main                                     0x0800235d   Thumb Code   168  main.o(.text)
    NMI_Handler                              0x0800247d   Thumb Code     2  stm32f10x_it.o(.text)
    HardFault_Handler                        0x0800247f   Thumb Code     4  stm32f10x_it.o(.text)
    MemManage_Handler                        0x08002483   Thumb Code     4  stm32f10x_it.o(.text)
    BusFault_Handler                         0x08002487   Thumb Code     4  stm32f10x_it.o(.text)
    UsageFault_Handler                       0x0800248b   Thumb Code     4  stm32f10x_it.o(.text)
    SVC_Handler                              0x0800248f   Thumb Code     2  stm32f10x_it.o(.text)
    DebugMon_Handler                         0x08002491   Thumb Code     2  stm32f10x_it.o(.text)
    PendSV_Handler                           0x08002493   Thumb Code     2  stm32f10x_it.o(.text)
    SysTick_Handler                          0x08002495   Thumb Code     8  stm32f10x_it.o(.text)
    TIM2_IRQHandler                          0x0800249d   Thumb Code    28  stm32f10x_it.o(.text)
    TIM3_IRQHandler                          0x080024b9   Thumb Code    28  stm32f10x_it.o(.text)
    TIM4_IRQHandler                          0x080024d5   Thumb Code    28  stm32f10x_it.o(.text)
    LED_GPIO_Config                          0x080024f9   Thumb Code    60  bsp_led.o(.text)
    bsp_led_set                              0x08002535   Thumb Code    50  bsp_led.o(.text)
    SysTick_Init                             0x0800256d   Thumb Code   108  bsp_systick.o(.text)
    SysTick_Enable                           0x080025d9   Thumb Code    38  bsp_systick.o(.text)
    console_write                            0x0800260d   Thumb Code    32  bsp_usart.o(.text)
    console_readChar                         0x0800262d   Thumb Code    28  bsp_usart.o(.text)
    console_readLine                         0x08002649   Thumb Code    42  bsp_usart.o(.text)
    console_kbhit                            0x08002673   Thumb Code    14  bsp_usart.o(.text)
    _sys_open                                0x080026c5   Thumb Code     6  bsp_usart.o(.text)
    _sys_close                               0x080026cb   Thumb Code     6  bsp_usart.o(.text)
    _sys_read                                0x080026d1   Thumb Code    10  bsp_usart.o(.text)
    _sys_istty                               0x080026db   Thumb Code     6  bsp_usart.o(.text)
    _sys_seek                                0x080026e1   Thumb Code     8  bsp_usart.o(.text)
    _sys_flen                                0x080026e9   Thumb Code     8  bsp_usart.o(.text)
    _sys_write                               0x080026f1   Thumb Code    26  bsp_usart.o(.text)
    _ttywrch                                 0x0800270b   Thumb Code    18  bsp_usart.o(.text)
    fputc                                    0x0800271d   Thumb Code    32  bsp_usart.o(.text)
    fgetc                                    0x0800273d   Thumb Code    26  bsp_usart.o(.text)
    USART_Config                             0x08002757   Thumb Code   120  bsp_usart.o(.text)
    qmaX981_delay                            0x080027dd   Thumb Code    24  qmax981.o(.text)
    qmaX981_writereg                         0x080027f5   Thumb Code    16  qmax981.o(.text)
    qmaX981_readreg                          0x08002805   Thumb Code    20  qmax981.o(.text)
    qmaX981_chip_id                          0x08002819   Thumb Code    40  qmax981.o(.text)
    qmaX981_set_range                        0x08002841   Thumb Code   138  qmax981.o(.text)
    qmaX981_read_raw                         0x080029db   Thumb Code    52  qmax981.o(.text)
    qmaX981_read_acc                         0x08002a0f   Thumb Code   124  qmax981.o(.text)
    qst_show_info                            0x08002df9   Thumb Code    42  qmax981.o(.text)
    shake_timer_cbk_out                      0x08002e23   Thumb Code    28  qmax981.o(.text)
    shake_timer_cbk_1                        0x08002e3f   Thumb Code    52  qmax981.o(.text)
    qmaX981_irq_hdlr                         0x08002e73   Thumb Code   234  qmax981.o(.text)
    EXTI15_10_IRQHandler                     0x08002fd9   Thumb Code    36  qmax981.o(.text)
    qmaX981_init                             0x08002ffd   Thumb Code   642  qmax981.o(.text)
    spi_struct_config                        0x08003289   Thumb Code   124  bsp_spi.o(.text)
    Spi_Init                                 0x08003305   Thumb Code   128  bsp_spi.o(.text)
    Spi_SendByte                             0x080033b1   Thumb Code   110  bsp_spi.o(.text)
    qmaX981_spi_write                        0x0800341f   Thumb Code    74  bsp_spi.o(.text)
    qmaX981_spi_read                         0x08003469   Thumb Code    94  bsp_spi.o(.text)
    bmi160_spi_write                         0x080034c7   Thumb Code    50  bsp_spi.o(.text)
    bmi160_spi_read                          0x080034f9   Thumb Code    70  bsp_spi.o(.text)
    qmp6988_WriteReg                         0x08003581   Thumb Code    20  qmp6988.o(.text)
    qmp6988_ReadData                         0x08003595   Thumb Code    24  qmp6988.o(.text)
    qmp6988_calc_pressure                    0x08003d03   Thumb Code   944  qmp6988.o(.text)
    qmp6988_calc_altitude                    0x080040b3   Thumb Code   110  qmp6988.o(.text)
    qmp6988_set_app                          0x08004121   Thumb Code   132  qmp6988.o(.text)
    qmp6988_init                             0x080041a5   Thumb Code    82  qmp6988.o(.text)
    delay_us                                 0x08004249   Thumb Code   142  qst_sw_i2c.o(.text)
    i2c_Start                                0x080042e1   Thumb Code    66  qst_sw_i2c.o(.text)
    i2c_Stop                                 0x08004323   Thumb Code    52  qst_sw_i2c.o(.text)
    i2c_SendByte                             0x08004357   Thumb Code    84  qst_sw_i2c.o(.text)
    i2c_Ack                                  0x080043ab   Thumb Code    48  qst_sw_i2c.o(.text)
    i2c_NAck                                 0x080043db   Thumb Code    40  qst_sw_i2c.o(.text)
    i2c_ReadByte                             0x08004403   Thumb Code   130  qst_sw_i2c.o(.text)
    i2c_WaitAck                              0x08004485   Thumb Code   104  qst_sw_i2c.o(.text)
    i2c_sw_gpio_config                       0x080044ed   Thumb Code    42  qst_sw_i2c.o(.text)
    qst_sw_writereg                          0x08004517   Thumb Code    68  qst_sw_i2c.o(.text)
    qst_sw_readreg                           0x0800455b   Thumb Code   114  qst_sw_i2c.o(.text)
    jhm1200_iic_write                        0x080045cd   Thumb Code    84  qst_sw_i2c.o(.text)
    jhm1200_iic_read                         0x08004621   Thumb Code    66  qst_sw_i2c.o(.text)
    Oled_Write_IIC_Command                   0x08004663   Thumb Code    44  qst_sw_i2c.o(.text)
    Oled_Write_IIC_Data                      0x0800468f   Thumb Code    44  qst_sw_i2c.o(.text)
    bsp_timer_array_init                     0x080046c1   Thumb Code    54  bsp_timer.o(.text)
    bsp_timer_update                         0x080046f7   Thumb Code    28  bsp_timer.o(.text)
    bsp_timer_update_all                     0x08004713   Thumb Code    48  bsp_timer.o(.text)
    bsp_timer_systick_enable                 0x08004743   Thumb Code    52  bsp_timer.o(.text)
    bsp_start_timer                          0x08004777   Thumb Code    76  bsp_timer.o(.text)
    bsp_stop_timer                           0x080047c3   Thumb Code    44  bsp_timer.o(.text)
    bsp_timer_proc                           0x080047ef   Thumb Code    92  bsp_timer.o(.text)
    TIM2_NVIC_Configuration                  0x0800484b   Thumb Code    42  bsp_timer.o(.text)
    TIM2_Configuration                       0x08004875   Thumb Code    86  bsp_timer.o(.text)
    TIM3_NVIC_Configuration                  0x080048cb   Thumb Code    42  bsp_timer.o(.text)
    TIM3_Configuration                       0x080048f5   Thumb Code    80  bsp_timer.o(.text)
    TIM4_NVIC_Configuration                  0x08004945   Thumb Code    42  bsp_timer.o(.text)
    TIM4_Configuration                       0x0800496f   Thumb Code    80  bsp_timer.o(.text)
    bsp_timer_hw_enable                      0x080049bf   Thumb Code   146  bsp_timer.o(.text)
    bsp_timer_hw_init                        0x08004a51   Thumb Code    12  bsp_timer.o(.text)
    delay_ms                                 0x08004a69   Thumb Code    24  oled.o(.text)
    IIC_Start                                0x08004a81   Thumb Code    36  oled.o(.text)
    IIC_Stop                                 0x08004aa5   Thumb Code    28  oled.o(.text)
    IIC_Wait_Ack                             0x08004ac1   Thumb Code    20  oled.o(.text)
    Write_IIC_Byte                           0x08004ad5   Thumb Code    80  oled.o(.text)
    Write_IIC_Command                        0x08004b25   Thumb Code    44  oled.o(.text)
    Write_IIC_Data                           0x08004b51   Thumb Code    44  oled.o(.text)
    OLED_WR_Byte                             0x08004b7d   Thumb Code    24  oled.o(.text)
    fill_picture                             0x08004b95   Thumb Code    64  oled.o(.text)
    Delay_50ms                               0x08004bd5   Thumb Code    22  oled.o(.text)
    Delay_1ms                                0x08004beb   Thumb Code    26  oled.o(.text)
    OLED_Set_Pos                             0x08004c05   Thumb Code    40  oled.o(.text)
    OLED_Display_On                          0x08004c2d   Thumb Code    28  oled.o(.text)
    OLED_Display_Off                         0x08004c49   Thumb Code    28  oled.o(.text)
    OLED_Clear                               0x08004c65   Thumb Code    62  oled.o(.text)
    OLED_On                                  0x08004ca3   Thumb Code    62  oled.o(.text)
    OLED_ShowChar                            0x08004ce1   Thumb Code   154  oled.o(.text)
    oled_pow                                 0x08004d7b   Thumb Code    22  oled.o(.text)
    OLED_ShowNum                             0x08004d91   Thumb Code   136  oled.o(.text)
    OLED_ShowString                          0x08004e19   Thumb Code    58  oled.o(.text)
    OLED_ShowCHinese                         0x08004e53   Thumb Code   112  oled.o(.text)
    OLED_DrawBMP                             0x08004ec3   Thumb Code   118  oled.o(.text)
    OLED_Init                                0x08004f39   Thumb Code   192  oled.o(.text)
    vfprintf                                 0x08004ffd   Thumb Code    10  vfprintf.o(.text)
    __2sprintf                               0x08005009   Thumb Code    38  __2sprintf.o(.text)
    _printf_int_dec                          0x08005035   Thumb Code   104  _printf_dec.o(.text)
    _printf_longlong_hex                     0x080050ad   Thumb Code    86  _printf_hex_int_ll_ptr.o(.text)
    _printf_int_hex                          0x08005103   Thumb Code    28  _printf_hex_int_ll_ptr.o(.text)
    _printf_ll_hex                           0x0800511f   Thumb Code    12  _printf_hex_int_ll_ptr.o(.text)
    _printf_hex_ptr                          0x0800512b   Thumb Code    18  _printf_hex_int_ll_ptr.o(.text)
    __printf                                 0x08005141   Thumb Code   388  __printf_flags_ss_wp.o(.text)
    __aeabi_memclr4                          0x080052c9   Thumb Code     0  rt_memclr_w.o(.text)
    __aeabi_memclr8                          0x080052c9   Thumb Code     0  rt_memclr_w.o(.text)
    __rt_memclr_w                            0x080052c9   Thumb Code    78  rt_memclr_w.o(.text)
    _memset_w                                0x080052cd   Thumb Code     0  rt_memclr_w.o(.text)
    __use_two_region_memory                  0x08005317   Thumb Code     2  heapauxi.o(.text)
    __rt_heap_escrow                         0x08005319   Thumb Code     2  heapauxi.o(.text)
    __rt_heap_expand                         0x0800531b   Thumb Code     2  heapauxi.o(.text)
    __read_errno                             0x0800531d   Thumb Code    10  _rserrno.o(.text)
    __set_errno                              0x08005327   Thumb Code    12  _rserrno.o(.text)
    _printf_pre_padding                      0x08005333   Thumb Code    44  _printf_pad.o(.text)
    _printf_post_padding                     0x0800535f   Thumb Code    34  _printf_pad.o(.text)
    _printf_truncate_signed                  0x08005381   Thumb Code    18  _printf_truncate.o(.text)
    _printf_truncate_unsigned                0x08005393   Thumb Code    18  _printf_truncate.o(.text)
    _printf_str                              0x080053a5   Thumb Code    82  _printf_str.o(.text)
    _printf_int_common                       0x080053f7   Thumb Code   178  _printf_intcommon.o(.text)
    _printf_charcount                        0x080054a9   Thumb Code    40  _printf_charcount.o(.text)
    __lib_sel_fp_printf                      0x080054d1   Thumb Code     2  _printf_fp_dec.o(.text)
    _printf_fp_dec_real                      0x08005683   Thumb Code   620  _printf_fp_dec.o(.text)
    _printf_char_common                      0x080058fb   Thumb Code    32  _printf_char_common.o(.text)
    _sputc                                   0x08005921   Thumb Code    10  _sputc.o(.text)
    _printf_char_file                        0x0800592d   Thumb Code    32  _printf_char_file.o(.text)
    _printf_wctomb                           0x08005951   Thumb Code   182  _printf_wctomb.o(.text)
    _printf_longlong_dec                     0x08005a0d   Thumb Code   108  _printf_longlong_dec.o(.text)
    _printf_longlong_oct                     0x08005a89   Thumb Code    66  _printf_oct_int_ll.o(.text)
    _printf_int_oct                          0x08005acb   Thumb Code    24  _printf_oct_int_ll.o(.text)
    _printf_ll_oct                           0x08005ae3   Thumb Code    12  _printf_oct_int_ll.o(.text)
    _initio                                  0x08005af9   Thumb Code   210  initio.o(.text)
    _terminateio                             0x08005bcb   Thumb Code    56  initio.o(.text)
    __rt_locale                              0x08005c31   Thumb Code     8  rt_locale_intlibspace.o(.text)
    __aeabi_errno_addr                       0x08005c39   Thumb Code     8  rt_errno_addr_intlibspace.o(.text)
    __errno$intlibspace                      0x08005c39   Thumb Code     0  rt_errno_addr_intlibspace.o(.text)
    __rt_errno_addr$intlibspace              0x08005c39   Thumb Code     0  rt_errno_addr_intlibspace.o(.text)
    free                                     0x08005c41   Thumb Code    78  h1_free.o(.text)
    _ll_udiv10                               0x08005c8f   Thumb Code   138  lludiv10.o(.text)
    _printf_fp_hex_real                      0x08005d19   Thumb Code   756  _printf_fp_hex.o(.text)
    _printf_fp_infnan                        0x08006015   Thumb Code   112  _printf_fp_infnan.o(.text)
    _printf_cs_common                        0x08006095   Thumb Code    20  _printf_char.o(.text)
    _printf_char                             0x080060a9   Thumb Code    16  _printf_char.o(.text)
    _printf_string                           0x080060b9   Thumb Code     8  _printf_char.o(.text)
    _printf_lcs_common                       0x080060c1   Thumb Code    20  _printf_wchar.o(.text)
    _printf_wchar                            0x080060d5   Thumb Code    16  _printf_wchar.o(.text)
    _printf_wstring                          0x080060e5   Thumb Code     8  _printf_wchar.o(.text)
    _btod_etento                             0x080060ed   Thumb Code   224  bigflt0.o(.text)
    ferror                                   0x080061d1   Thumb Code     8  ferror.o(.text)
    setvbuf                                  0x080061d9   Thumb Code    70  setvbuf.o(.text)
    freopen                                  0x08006221   Thumb Code   158  fopen.o(.text)
    fopen                                    0x080062bf   Thumb Code    74  fopen.o(.text)
    _fclose_internal                         0x0800630d   Thumb Code    76  fclose.o(.text)
    fclose                                   0x0800630d   Thumb Code     0  fclose.o(.text)
    _wcrtomb                                 0x08006359   Thumb Code    64  _wcrtomb.o(.text)
    __rt_SIGRTRED                            0x08006399   Thumb Code    14  defsig_rtred_outer.o(.text)
    __user_libspace                          0x080063a9   Thumb Code     8  libspace.o(.text)
    __user_perproc_libspace                  0x080063a9   Thumb Code     0  libspace.o(.text)
    __user_perthread_libspace                0x080063a9   Thumb Code     0  libspace.o(.text)
    __user_setup_stackheap                   0x080063b1   Thumb Code    74  sys_stackheap_outer.o(.text)
    __rt_ctype_table                         0x080063fd   Thumb Code    16  rt_ctype_table.o(.text)
    __rt_heap_descriptor                     0x0800640d   Thumb Code     8  rt_heap_descriptor_intlibspace.o(.text)
    __use_no_heap                            0x08006415   Thumb Code     2  hguard.o(.text)
    __heap$guard                             0x08006417   Thumb Code     2  hguard.o(.text)
    _terminate_user_alloc                    0x08006419   Thumb Code     2  init_alloc.o(.text)
    _init_user_alloc                         0x0800641b   Thumb Code     2  init_alloc.o(.text)
    __Heap_Full                              0x0800641d   Thumb Code    34  init_alloc.o(.text)
    __Heap_Broken                            0x0800643f   Thumb Code     6  init_alloc.o(.text)
    _init_alloc                              0x08006445   Thumb Code    94  init_alloc.o(.text)
    malloc                                   0x080064a3   Thumb Code    94  h1_alloc.o(.text)
    _fseek                                   0x08006501   Thumb Code   242  fseek.o(.text)
    fseek                                    0x08006501   Thumb Code     0  fseek.o(.text)
    _seterr                                  0x080065f9   Thumb Code    20  stdio.o(.text)
    _writebuf                                0x0800660d   Thumb Code    84  stdio.o(.text)
    _fflush                                  0x08006661   Thumb Code    70  stdio.o(.text)
    _deferredlazyseek                        0x080066a7   Thumb Code    60  stdio.o(.text)
    exit                                     0x080066e9   Thumb Code    18  exit.o(.text)
    __sig_exit                               0x080066fb   Thumb Code    10  defsig_exit.o(.text)
    __rt_SIGRTRED_inner                      0x08006705   Thumb Code    14  defsig_rtred_inner.o(.text)
    strcmp                                   0x08006739   Thumb Code   128  strcmpv7m.o(.text)
    _sys_exit                                0x080067b9   Thumb Code     8  sys_exit.o(.text)
    __Heap_Initialize                        0x080067c5   Thumb Code    10  h1_init.o(.text)
    __Heap_DescSize                          0x080067cf   Thumb Code     4  h1_init.o(.text)
    __Heap_ProvideMemory                     0x080067d3   Thumb Code    52  h1_extend.o(.text)
    _ftell_internal                          0x08006807   Thumb Code    66  ftell.o(.text)
    ftell                                    0x08006807   Thumb Code     0  ftell.o(.text)
    __default_signal_display                 0x08006849   Thumb Code    50  defsig_general.o(.text)
    __rt_SIGRTMEM                            0x0800687b   Thumb Code    14  defsig_rtmem_outer.o(.text)
    __I$use$semihosting                      0x08006889   Thumb Code     0  use_no_semi.o(.text)
    __use_no_semihosting_swi                 0x08006889   Thumb Code     2  use_no_semi.o(.text)
    __semihosting_library_function           0x0800688b   Thumb Code     0  indicate_semi.o(.text)
    __rt_SIGRTMEM_inner                      0x0800688d   Thumb Code    22  defsig_rtmem_inner.o(.text)
    _btod_d2e                                0x080068dd   Thumb Code    62  btod.o(CL$$btod_d2e)
    _d2e_denorm_low                          0x0800691b   Thumb Code    70  btod.o(CL$$btod_d2e_denorm_low)
    _d2e_norm_op1                            0x08006961   Thumb Code    96  btod.o(CL$$btod_d2e_norm_op1)
    __btod_div_common                        0x080069c1   Thumb Code   696  btod.o(CL$$btod_div_common)
    _e2e                                     0x08006cf9   Thumb Code   220  btod.o(CL$$btod_e2e)
    _btod_ediv                               0x08006dd5   Thumb Code    42  btod.o(CL$$btod_ediv)
    _btod_emul                               0x08006dff   Thumb Code    42  btod.o(CL$$btod_emul)
    __btod_mult_common                       0x08006e29   Thumb Code   580  btod.o(CL$$btod_mult_common)
    __ARM_fpclassify                         0x0800706d   Thumb Code    40  fpclassify.o(i.__ARM_fpclassify)
    __kernel_poly                            0x08007095   Thumb Code   170  poly.o(i.__kernel_poly)
    __mathlib_dbl_divzero                    0x08007141   Thumb Code    12  dunder.o(i.__mathlib_dbl_divzero)
    __mathlib_dbl_infnan2                    0x08007151   Thumb Code     4  dunder.o(i.__mathlib_dbl_infnan2)
    __mathlib_dbl_invalid                    0x08007155   Thumb Code    12  dunder.o(i.__mathlib_dbl_invalid)
    __mathlib_dbl_overflow                   0x08007161   Thumb Code    14  dunder.o(i.__mathlib_dbl_overflow)
    __mathlib_dbl_underflow                  0x08007171   Thumb Code    10  dunder.o(i.__mathlib_dbl_underflow)
    _is_digit                                0x08007181   Thumb Code    14  __printf_wp.o(i._is_digit)
    pow                                      0x08007191   Thumb Code  2512  pow.o(i.pow)
    sqrt                                     0x08007b69   Thumb Code    76  sqrt.o(i.sqrt)
    _get_lc_numeric                          0x08007bb5   Thumb Code    44  lc_numeric_c.o(locale$$code)
    _get_lc_ctype                            0x08007be1   Thumb Code    44  lc_ctype_c.o(locale$$code)
    __aeabi_dadd                             0x08007c0d   Thumb Code     0  daddsub_clz.o(x$fpl$dadd)
    _dadd                                    0x08007c0d   Thumb Code   332  daddsub_clz.o(x$fpl$dadd)
    __fpl_dcheck_NaN1                        0x08007d5d   Thumb Code    10  dcheck1.o(x$fpl$dcheck1)
    __fpl_dcmp_Inf                           0x08007d6d   Thumb Code    24  dcmpi.o(x$fpl$dcmpinf)
    __aeabi_ddiv                             0x08007d85   Thumb Code     0  ddiv.o(x$fpl$ddiv)
    _ddiv                                    0x08007d85   Thumb Code   552  ddiv.o(x$fpl$ddiv)
    __aeabi_i2d                              0x08008035   Thumb Code     0  dflt_clz.o(x$fpl$dflt)
    _dflt                                    0x08008035   Thumb Code    46  dflt_clz.o(x$fpl$dflt)
    __aeabi_cdcmple                          0x08008065   Thumb Code     0  dleqf.o(x$fpl$dleqf)
    _dcmple                                  0x08008065   Thumb Code   120  dleqf.o(x$fpl$dleqf)
    __fpl_dcmple_InfNaN                      0x080080c7   Thumb Code     0  dleqf.o(x$fpl$dleqf)
    __aeabi_dmul                             0x080080dd   Thumb Code     0  dmul.o(x$fpl$dmul)
    _dmul                                    0x080080dd   Thumb Code   332  dmul.o(x$fpl$dmul)
    __fpl_dnaninf                            0x08008231   Thumb Code   156  dnaninf.o(x$fpl$dnaninf)
    __fpl_dretinf                            0x080082cd   Thumb Code    12  dretinf.o(x$fpl$dretinf)
    __aeabi_cdrcmple                         0x080082d9   Thumb Code     0  drleqf.o(x$fpl$drleqf)
    _drcmple                                 0x080082d9   Thumb Code   108  drleqf.o(x$fpl$drleqf)
    __aeabi_drsub                            0x08008345   Thumb Code     0  daddsub_clz.o(x$fpl$drsb)
    _drsb                                    0x08008345   Thumb Code    22  daddsub_clz.o(x$fpl$drsb)
    _dsqrt                                   0x0800835d   Thumb Code   456  dsqrt_noumaal.o(x$fpl$dsqrt)
    __aeabi_dsub                             0x08008529   Thumb Code     0  daddsub_clz.o(x$fpl$dsub)
    _dsub                                    0x08008529   Thumb Code   464  daddsub_clz.o(x$fpl$dsub)
    __aeabi_f2d                              0x080086fd   Thumb Code     0  f2d.o(x$fpl$f2d)
    _f2d                                     0x080086fd   Thumb Code    86  f2d.o(x$fpl$f2d)
    __aeabi_fadd                             0x08008755   Thumb Code     0  faddsub_clz.o(x$fpl$fadd)
    _fadd                                    0x08008755   Thumb Code   196  faddsub_clz.o(x$fpl$fadd)
    __aeabi_fdiv                             0x08008819   Thumb Code     0  fdiv.o(x$fpl$fdiv)
    _fdiv                                    0x08008819   Thumb Code   384  fdiv.o(x$fpl$fdiv)
    __aeabi_i2f                              0x0800899d   Thumb Code     0  fflt_clz.o(x$fpl$fflt)
    _fflt                                    0x0800899d   Thumb Code    48  fflt_clz.o(x$fpl$fflt)
    __aeabi_fmul                             0x080089cd   Thumb Code     0  fmul.o(x$fpl$fmul)
    _fmul                                    0x080089cd   Thumb Code   258  fmul.o(x$fpl$fmul)
    __fpl_fnaninf                            0x08008acf   Thumb Code   140  fnaninf.o(x$fpl$fnaninf)
    __fpl_fretinf                            0x08008b5b   Thumb Code    10  fretinf.o(x$fpl$fretinf)
    __aeabi_fsub                             0x08008b65   Thumb Code     0  faddsub_clz.o(x$fpl$fsub)
    _fsub                                    0x08008b65   Thumb Code   234  faddsub_clz.o(x$fpl$fsub)
    _printf_fp_dec                           0x08008c4f   Thumb Code     4  printf1.o(x$fpl$printf1)
    _printf_fp_hex                           0x08008c53   Thumb Code     4  printf2.o(x$fpl$printf2)
    __fpl_return_NaN                         0x08008c57   Thumb Code   100  retnan.o(x$fpl$retnan)
    __ARM_scalbn                             0x08008cbb   Thumb Code    92  scalbn.o(x$fpl$scalbn)
    __fpl_cmpreturn                          0x08008d17   Thumb Code    48  trapv.o(x$fpl$trapveneer)
    __I$use$fp                               0x08008d46   Number         0  usenofp.o(x$fpl$usenofp)
    __stdin_name                             0x08008d46   Data           4  bsp_usart.o(.constdata)
    __stdout_name                            0x08008d4a   Data           4  bsp_usart.o(.constdata)
    __stderr_name                            0x08008d4e   Data           4  bsp_usart.o(.constdata)
    qma6981_init_tbl                         0x08008db2   Data          18  qmax981.o(.constdata)
    qma7981_init_tbl                         0x08008dc4   Data          20  qmax981.o(.constdata)
    F6x8                                     0x08008ded   Data         552  oled.o(.constdata)
    F8X16                                    0x08009015   Data        1520  oled.o(.constdata)
    Hzk                                      0x08009605   Data         896  oled.o(.constdata)
    __mathlib_zero                           0x08009a50   Data           8  qnan.o(.constdata)
    Region$$Table$$Base                      0x08009b14   Number         0  anon$$obj.o(Region$$Table)
    Region$$Table$$Limit                     0x08009b34   Number         0  anon$$obj.o(Region$$Table)
    __ctype                                  0x08009b5d   Data           0  lc_ctype_c.o(locale$$data)
    SystemCoreClock                          0x20000000   Data           4  system_stm32f10x.o(.data)
    AHBPrescTable                            0x20000004   Data          16  system_stm32f10x.o(.data)
    systmtime                                0x2000002c   Data          28  main.o(.data)
    __aeabi_stdin                            0x200000d8   Data           4  stdio_streams.o(.data)
    __aeabi_stdout                           0x200000dc   Data           4  stdio_streams.o(.data)
    __aeabi_stderr                           0x200000e0   Data           4  stdio_streams.o(.data)
    __stdin                                  0x20000164   Data          84  stdio_streams.o(.bss)
    __stdout                                 0x200001b8   Data          84  stdio_streams.o(.bss)
    __stderr                                 0x2000020c   Data          84  stdio_streams.o(.bss)
    __libspace_start                         0x20000260   Data          96  libspace.o(.bss)
    __temporary_stack_top$libspace           0x200002c0   Data           0  libspace.o(.bss)



==============================================================================

Memory Map of the image

  Image Entry point : 0x080000ed

  Load Region LR_IROM1 (Base: 0x08000000, Size: 0x00009d44, Max: 0x00010000, ABSOLUTE)

    Execution Region ER_IROM1 (Exec base: 0x08000000, Load base: 0x08000000, Size: 0x00009c60, Max: 0x00010000, ABSOLUTE)

    Exec Addr    Load Addr    Size         Type   Attr      Idx    E Section Name        Object

    0x08000000   0x08000000   0x000000ec   Data   RO            3    RESET               startup_stm32f10x_md.o
    0x080000ec   0x080000ec   0x00000008   Code   RO          951  * !!!main             c_w.l(__main.o)
    0x080000f4   0x080000f4   0x00000034   Code   RO         1556    !!!scatter          c_w.l(__scatter.o)
    0x08000128   0x08000128   0x0000001a   Code   RO         1558    !!handler_copy      c_w.l(__scatter_copy.o)
    0x08000142   0x08000142   0x00000002   PAD
    0x08000144   0x08000144   0x0000001c   Code   RO         1560    !!handler_zi        c_w.l(__scatter_zi.o)
    0x08000160   0x08000160   0x00000000   Code   RO          932    .ARM.Collect$$_printf_percent$$00000000  c_w.l(_printf_percent.o)
    0x08000160   0x08000160   0x00000006   Code   RO         1091    .ARM.Collect$$_printf_percent$$00000001  c_w.l(_printf_n.o)
    0x08000166   0x08000166   0x00000006   Code   RO         1092    .ARM.Collect$$_printf_percent$$00000002  c_w.l(_printf_p.o)
    0x0800016c   0x0800016c   0x00000006   Code   RO          931    .ARM.Collect$$_printf_percent$$00000003  c_w.l(_printf_f.o)
    0x08000172   0x08000172   0x00000006   Code   RO         1096    .ARM.Collect$$_printf_percent$$00000004  c_w.l(_printf_e.o)
    0x08000178   0x08000178   0x00000006   Code   RO         1097    .ARM.Collect$$_printf_percent$$00000005  c_w.l(_printf_g.o)
    0x0800017e   0x0800017e   0x00000006   Code   RO         1098    .ARM.Collect$$_printf_percent$$00000006  c_w.l(_printf_a.o)
    0x08000184   0x08000184   0x0000000a   Code   RO         1103    .ARM.Collect$$_printf_percent$$00000007  c_w.l(_printf_ll.o)
    0x0800018e   0x0800018e   0x00000006   Code   RO         1094    .ARM.Collect$$_printf_percent$$00000008  c_w.l(_printf_i.o)
    0x08000194   0x08000194   0x00000006   Code   RO          930    .ARM.Collect$$_printf_percent$$00000009  c_w.l(_printf_d.o)
    0x0800019a   0x0800019a   0x00000006   Code   RO         1095    .ARM.Collect$$_printf_percent$$0000000A  c_w.l(_printf_u.o)
    0x080001a0   0x080001a0   0x00000006   Code   RO         1093    .ARM.Collect$$_printf_percent$$0000000B  c_w.l(_printf_o.o)
    0x080001a6   0x080001a6   0x00000006   Code   RO          929    .ARM.Collect$$_printf_percent$$0000000C  c_w.l(_printf_x.o)
    0x080001ac   0x080001ac   0x00000006   Code   RO         1100    .ARM.Collect$$_printf_percent$$0000000D  c_w.l(_printf_lli.o)
    0x080001b2   0x080001b2   0x00000006   Code   RO         1101    .ARM.Collect$$_printf_percent$$0000000E  c_w.l(_printf_lld.o)
    0x080001b8   0x080001b8   0x00000006   Code   RO         1102    .ARM.Collect$$_printf_percent$$0000000F  c_w.l(_printf_llu.o)
    0x080001be   0x080001be   0x00000006   Code   RO         1107    .ARM.Collect$$_printf_percent$$00000010  c_w.l(_printf_llo.o)
    0x080001c4   0x080001c4   0x00000006   Code   RO         1108    .ARM.Collect$$_printf_percent$$00000011  c_w.l(_printf_llx.o)
    0x080001ca   0x080001ca   0x0000000a   Code   RO         1104    .ARM.Collect$$_printf_percent$$00000012  c_w.l(_printf_l.o)
    0x080001d4   0x080001d4   0x00000006   Code   RO         1089    .ARM.Collect$$_printf_percent$$00000013  c_w.l(_printf_c.o)
    0x080001da   0x080001da   0x00000006   Code   RO         1090    .ARM.Collect$$_printf_percent$$00000014  c_w.l(_printf_s.o)
    0x080001e0   0x080001e0   0x00000006   Code   RO         1105    .ARM.Collect$$_printf_percent$$00000015  c_w.l(_printf_lc.o)
    0x080001e6   0x080001e6   0x00000006   Code   RO         1106    .ARM.Collect$$_printf_percent$$00000016  c_w.l(_printf_ls.o)
    0x080001ec   0x080001ec   0x00000004   Code   RO         1099    .ARM.Collect$$_printf_percent$$00000017  c_w.l(_printf_percent_end.o)
    0x080001f0   0x080001f0   0x00000002   Code   RO         1466    .ARM.Collect$$libinit$$00000000  c_w.l(libinit.o)
    0x080001f2   0x080001f2   0x00000000   Code   RO         1339    .ARM.Collect$$libinit$$00000002  c_w.l(libinit2.o)
    0x080001f2   0x080001f2   0x00000000   Code   RO         1341    .ARM.Collect$$libinit$$00000004  c_w.l(libinit2.o)
    0x080001f2   0x080001f2   0x00000008   Code   RO         1342    .ARM.Collect$$libinit$$00000005  c_w.l(libinit2.o)
    0x080001fa   0x080001fa   0x00000000   Code   RO         1344    .ARM.Collect$$libinit$$0000000A  c_w.l(libinit2.o)
    0x080001fa   0x080001fa   0x00000000   Code   RO         1346    .ARM.Collect$$libinit$$0000000C  c_w.l(libinit2.o)
    0x080001fa   0x080001fa   0x00000000   Code   RO         1348    .ARM.Collect$$libinit$$0000000E  c_w.l(libinit2.o)
    0x080001fa   0x080001fa   0x00000006   Code   RO         1349    .ARM.Collect$$libinit$$0000000F  c_w.l(libinit2.o)
    0x08000200   0x08000200   0x00000000   Code   RO         1351    .ARM.Collect$$libinit$$00000011  c_w.l(libinit2.o)
    0x08000200   0x08000200   0x0000000c   Code   RO         1352    .ARM.Collect$$libinit$$00000012  c_w.l(libinit2.o)
    0x0800020c   0x0800020c   0x00000000   Code   RO         1353    .ARM.Collect$$libinit$$00000013  c_w.l(libinit2.o)
    0x0800020c   0x0800020c   0x00000000   Code   RO         1355    .ARM.Collect$$libinit$$00000015  c_w.l(libinit2.o)
    0x0800020c   0x0800020c   0x0000000a   Code   RO         1356    .ARM.Collect$$libinit$$00000016  c_w.l(libinit2.o)
    0x08000216   0x08000216   0x00000000   Code   RO         1357    .ARM.Collect$$libinit$$00000017  c_w.l(libinit2.o)
    0x08000216   0x08000216   0x00000000   Code   RO         1359    .ARM.Collect$$libinit$$00000019  c_w.l(libinit2.o)
    0x08000216   0x08000216   0x00000000   Code   RO         1361    .ARM.Collect$$libinit$$0000001B  c_w.l(libinit2.o)
    0x08000216   0x08000216   0x00000000   Code   RO         1363    .ARM.Collect$$libinit$$0000001D  c_w.l(libinit2.o)
    0x08000216   0x08000216   0x00000000   Code   RO         1365    .ARM.Collect$$libinit$$0000001F  c_w.l(libinit2.o)
    0x08000216   0x08000216   0x00000000   Code   RO         1367    .ARM.Collect$$libinit$$00000021  c_w.l(libinit2.o)
    0x08000216   0x08000216   0x00000000   Code   RO         1369    .ARM.Collect$$libinit$$00000023  c_w.l(libinit2.o)
    0x08000216   0x08000216   0x00000004   Code   RO         1370    .ARM.Collect$$libinit$$00000024  c_w.l(libinit2.o)
    0x0800021a   0x0800021a   0x00000000   Code   RO         1371    .ARM.Collect$$libinit$$00000025  c_w.l(libinit2.o)
    0x0800021a   0x0800021a   0x00000000   Code   RO         1375    .ARM.Collect$$libinit$$0000002C  c_w.l(libinit2.o)
    0x0800021a   0x0800021a   0x00000000   Code   RO         1377    .ARM.Collect$$libinit$$0000002E  c_w.l(libinit2.o)
    0x0800021a   0x0800021a   0x00000000   Code   RO         1379    .ARM.Collect$$libinit$$00000030  c_w.l(libinit2.o)
    0x0800021a   0x0800021a   0x00000000   Code   RO         1381    .ARM.Collect$$libinit$$00000032  c_w.l(libinit2.o)
    0x0800021a   0x0800021a   0x00000002   Code   RO         1382    .ARM.Collect$$libinit$$00000033  c_w.l(libinit2.o)
    0x0800021c   0x0800021c   0x00000002   Code   RO         1553    .ARM.Collect$$libshutdown$$00000000  c_w.l(libshutdown.o)
    0x0800021e   0x0800021e   0x00000000   Code   RO         1384    .ARM.Collect$$libshutdown$$00000002  c_w.l(libshutdown2.o)
    0x0800021e   0x0800021e   0x00000004   Code   RO         1385    .ARM.Collect$$libshutdown$$00000003  c_w.l(libshutdown2.o)
    0x08000222   0x08000222   0x00000000   Code   RO         1386    .ARM.Collect$$libshutdown$$00000004  c_w.l(libshutdown2.o)
    0x08000222   0x08000222   0x00000000   Code   RO         1389    .ARM.Collect$$libshutdown$$00000007  c_w.l(libshutdown2.o)
    0x08000222   0x08000222   0x00000000   Code   RO         1392    .ARM.Collect$$libshutdown$$0000000A  c_w.l(libshutdown2.o)
    0x08000222   0x08000222   0x00000000   Code   RO         1394    .ARM.Collect$$libshutdown$$0000000C  c_w.l(libshutdown2.o)
    0x08000222   0x08000222   0x00000000   Code   RO         1397    .ARM.Collect$$libshutdown$$0000000F  c_w.l(libshutdown2.o)
    0x08000222   0x08000222   0x00000002   Code   RO         1398    .ARM.Collect$$libshutdown$$00000010  c_w.l(libshutdown2.o)
    0x08000224   0x08000224   0x00000000   Code   RO         1055    .ARM.Collect$$rtentry$$00000000  c_w.l(__rtentry.o)
    0x08000224   0x08000224   0x00000000   Code   RO         1186    .ARM.Collect$$rtentry$$00000002  c_w.l(__rtentry2.o)
    0x08000224   0x08000224   0x00000006   Code   RO         1198    .ARM.Collect$$rtentry$$00000004  c_w.l(__rtentry4.o)
    0x0800022a   0x0800022a   0x00000000   Code   RO         1188    .ARM.Collect$$rtentry$$00000009  c_w.l(__rtentry2.o)
    0x0800022a   0x0800022a   0x00000004   Code   RO         1189    .ARM.Collect$$rtentry$$0000000A  c_w.l(__rtentry2.o)
    0x0800022e   0x0800022e   0x00000000   Code   RO         1191    .ARM.Collect$$rtentry$$0000000C  c_w.l(__rtentry2.o)
    0x0800022e   0x0800022e   0x00000008   Code   RO         1192    .ARM.Collect$$rtentry$$0000000D  c_w.l(__rtentry2.o)
    0x08000236   0x08000236   0x00000002   Code   RO         1473    .ARM.Collect$$rtexit$$00000000  c_w.l(rtexit.o)
    0x08000238   0x08000238   0x00000000   Code   RO         1519    .ARM.Collect$$rtexit$$00000002  c_w.l(rtexit2.o)
    0x08000238   0x08000238   0x00000004   Code   RO         1520    .ARM.Collect$$rtexit$$00000003  c_w.l(rtexit2.o)
    0x0800023c   0x0800023c   0x00000006   Code   RO         1521    .ARM.Collect$$rtexit$$00000004  c_w.l(rtexit2.o)
    0x08000242   0x08000242   0x00000002   PAD
    0x08000244   0x08000244   0x00000000   Code   RO         1475    .emb_text           c_w.l(maybetermalloc1.o)
    0x08000244   0x08000244   0x00000040   Code   RO            4    .text               startup_stm32f10x_md.o
    0x08000284   0x08000284   0x000001e0   Code   RO           24    .text               system_stm32f10x.o
    0x08000464   0x08000464   0x000000dc   Code   RO          121    .text               misc.o
    0x08000540   0x08000540   0x0000011c   Code   RO          233    .text               stm32f10x_exti.o
    0x0800065c   0x0800065c   0x0000035c   Code   RO          269    .text               stm32f10x_gpio.o
    0x080009b8   0x080009b8   0x000003a4   Code   RO          317    .text               stm32f10x_rcc.o
    0x08000d5c   0x08000d5c   0x0000030c   Code   RO          355    .text               stm32f10x_spi.o
    0x08001068   0x08001068   0x00000e1a   Code   RO          367    .text               stm32f10x_tim.o
    0x08001e82   0x08001e82   0x00000002   PAD
    0x08001e84   0x08001e84   0x00000408   Code   RO          379    .text               stm32f10x_usart.o
    0x0800228c   0x0800228c   0x000001f0   Code   RO          403    .text               main.o
    0x0800247c   0x0800247c   0x0000007c   Code   RO          488    .text               stm32f10x_it.o
    0x080024f8   0x080024f8   0x00000074   Code   RO          500    .text               bsp_led.o
    0x0800256c   0x0800256c   0x000000a0   Code   RO          512    .text               bsp_systick.o
    0x0800260c   0x0800260c   0x000001d0   Code   RO          528    .text               bsp_usart.o
    0x080027dc   0x080027dc   0x00000aac   Code   RO          627    .text               qmax981.o
    0x08003288   0x08003288   0x000002e0   Code   RO          682    .text               bsp_spi.o
    0x08003568   0x08003568   0x00000ce0   Code   RO          703    .text               qmp6988.o
    0x08004248   0x08004248   0x00000478   Code   RO          781    .text               qst_sw_i2c.o
    0x080046c0   0x080046c0   0x000003a8   Code   RO          832    .text               bsp_timer.o
    0x08004a68   0x08004a68   0x00000594   Code   RO          849    .text               oled.o
    0x08004ffc   0x08004ffc   0x0000000a   Code   RO          874    .text               c_w.l(vfprintf.o)
    0x08005006   0x08005006   0x00000002   PAD
    0x08005008   0x08005008   0x0000002c   Code   RO          878    .text               c_w.l(__2sprintf.o)
    0x08005034   0x08005034   0x00000078   Code   RO          886    .text               c_w.l(_printf_dec.o)
    0x080050ac   0x080050ac   0x00000094   Code   RO          906    .text               c_w.l(_printf_hex_int_ll_ptr.o)
    0x08005140   0x08005140   0x00000188   Code   RO          926    .text               c_w.l(__printf_flags_ss_wp.o)
    0x080052c8   0x080052c8   0x0000004e   Code   RO          947    .text               c_w.l(rt_memclr_w.o)
    0x08005316   0x08005316   0x00000006   Code   RO          949    .text               c_w.l(heapauxi.o)
    0x0800531c   0x0800531c   0x00000016   Code   RO         1058    .text               c_w.l(_rserrno.o)
    0x08005332   0x08005332   0x0000004e   Code   RO         1060    .text               c_w.l(_printf_pad.o)
    0x08005380   0x08005380   0x00000024   Code   RO         1062    .text               c_w.l(_printf_truncate.o)
    0x080053a4   0x080053a4   0x00000052   Code   RO         1064    .text               c_w.l(_printf_str.o)
    0x080053f6   0x080053f6   0x000000b2   Code   RO         1066    .text               c_w.l(_printf_intcommon.o)
    0x080054a8   0x080054a8   0x00000028   Code   RO         1068    .text               c_w.l(_printf_charcount.o)
    0x080054d0   0x080054d0   0x0000041e   Code   RO         1070    .text               c_w.l(_printf_fp_dec.o)
    0x080058ee   0x080058ee   0x00000002   PAD
    0x080058f0   0x080058f0   0x00000030   Code   RO         1072    .text               c_w.l(_printf_char_common.o)
    0x08005920   0x08005920   0x0000000a   Code   RO         1074    .text               c_w.l(_sputc.o)
    0x0800592a   0x0800592a   0x00000002   PAD
    0x0800592c   0x0800592c   0x00000024   Code   RO         1076    .text               c_w.l(_printf_char_file.o)
    0x08005950   0x08005950   0x000000bc   Code   RO         1078    .text               c_w.l(_printf_wctomb.o)
    0x08005a0c   0x08005a0c   0x0000007c   Code   RO         1081    .text               c_w.l(_printf_longlong_dec.o)
    0x08005a88   0x08005a88   0x00000070   Code   RO         1087    .text               c_w.l(_printf_oct_int_ll.o)
    0x08005af8   0x08005af8   0x00000138   Code   RO         1113    .text               c_w.l(initio.o)
    0x08005c30   0x08005c30   0x00000008   Code   RO         1207    .text               c_w.l(rt_locale_intlibspace.o)
    0x08005c38   0x08005c38   0x00000008   Code   RO         1212    .text               c_w.l(rt_errno_addr_intlibspace.o)
    0x08005c40   0x08005c40   0x0000004e   Code   RO         1216    .text               c_w.l(h1_free.o)
    0x08005c8e   0x08005c8e   0x0000008a   Code   RO         1270    .text               c_w.l(lludiv10.o)
    0x08005d18   0x08005d18   0x000002fc   Code   RO         1272    .text               c_w.l(_printf_fp_hex.o)
    0x08006014   0x08006014   0x00000080   Code   RO         1275    .text               c_w.l(_printf_fp_infnan.o)
    0x08006094   0x08006094   0x0000002c   Code   RO         1279    .text               c_w.l(_printf_char.o)
    0x080060c0   0x080060c0   0x0000002c   Code   RO         1281    .text               c_w.l(_printf_wchar.o)
    0x080060ec   0x080060ec   0x000000e4   Code   RO         1285    .text               c_w.l(bigflt0.o)
    0x080061d0   0x080061d0   0x00000008   Code   RO         1312    .text               c_w.l(ferror.o)
    0x080061d8   0x080061d8   0x00000046   Code   RO         1314    .text               c_w.l(setvbuf.o)
    0x0800621e   0x0800621e   0x00000002   PAD
    0x08006220   0x08006220   0x000000ec   Code   RO         1317    .text               c_w.l(fopen.o)
    0x0800630c   0x0800630c   0x0000004c   Code   RO         1319    .text               c_w.l(fclose.o)
    0x08006358   0x08006358   0x00000040   Code   RO         1329    .text               c_w.l(_wcrtomb.o)
    0x08006398   0x08006398   0x0000000e   Code   RO         1334    .text               c_w.l(defsig_rtred_outer.o)
    0x080063a6   0x080063a6   0x00000002   PAD
    0x080063a8   0x080063a8   0x00000008   Code   RO         1403    .text               c_w.l(libspace.o)
    0x080063b0   0x080063b0   0x0000004a   Code   RO         1406    .text               c_w.l(sys_stackheap_outer.o)
    0x080063fa   0x080063fa   0x00000002   PAD
    0x080063fc   0x080063fc   0x00000010   Code   RO         1408    .text               c_w.l(rt_ctype_table.o)
    0x0800640c   0x0800640c   0x00000008   Code   RO         1417    .text               c_w.l(rt_heap_descriptor_intlibspace.o)
    0x08006414   0x08006414   0x00000004   Code   RO         1419    .text               c_w.l(hguard.o)
    0x08006418   0x08006418   0x0000008a   Code   RO         1421    .text               c_w.l(init_alloc.o)
    0x080064a2   0x080064a2   0x0000005e   Code   RO         1427    .text               c_w.l(h1_alloc.o)
    0x08006500   0x08006500   0x000000f8   Code   RO         1445    .text               c_w.l(fseek.o)
    0x080065f8   0x080065f8   0x000000f0   Code   RO         1447    .text               c_w.l(stdio.o)
    0x080066e8   0x080066e8   0x00000012   Code   RO         1451    .text               c_w.l(exit.o)
    0x080066fa   0x080066fa   0x0000000a   Code   RO         1453    .text               c_w.l(defsig_exit.o)
    0x08006704   0x08006704   0x00000034   Code   RO         1455    .text               c_w.l(defsig_rtred_inner.o)
    0x08006738   0x08006738   0x00000080   Code   RO         1457    .text               c_w.l(strcmpv7m.o)
    0x080067b8   0x080067b8   0x0000000c   Code   RO         1471    .text               c_w.l(sys_exit.o)
    0x080067c4   0x080067c4   0x0000000e   Code   RO         1477    .text               c_w.l(h1_init.o)
    0x080067d2   0x080067d2   0x00000034   Code   RO         1479    .text               c_w.l(h1_extend.o)
    0x08006806   0x08006806   0x00000042   Code   RO         1485    .text               c_w.l(ftell.o)
    0x08006848   0x08006848   0x00000032   Code   RO         1492    .text               c_w.l(defsig_general.o)
    0x0800687a   0x0800687a   0x0000000e   Code   RO         1498    .text               c_w.l(defsig_rtmem_outer.o)
    0x08006888   0x08006888   0x00000002   Code   RO         1515    .text               c_w.l(use_no_semi.o)
    0x0800688a   0x0800688a   0x00000000   Code   RO         1517    .text               c_w.l(indicate_semi.o)
    0x0800688a   0x0800688a   0x00000002   PAD
    0x0800688c   0x0800688c   0x00000050   Code   RO         1531    .text               c_w.l(defsig_rtmem_inner.o)
    0x080068dc   0x080068dc   0x0000003e   Code   RO         1288    CL$$btod_d2e        c_w.l(btod.o)
    0x0800691a   0x0800691a   0x00000046   Code   RO         1290    CL$$btod_d2e_denorm_low  c_w.l(btod.o)
    0x08006960   0x08006960   0x00000060   Code   RO         1289    CL$$btod_d2e_norm_op1  c_w.l(btod.o)
    0x080069c0   0x080069c0   0x00000338   Code   RO         1298    CL$$btod_div_common  c_w.l(btod.o)
    0x08006cf8   0x08006cf8   0x000000dc   Code   RO         1295    CL$$btod_e2e        c_w.l(btod.o)
    0x08006dd4   0x08006dd4   0x0000002a   Code   RO         1292    CL$$btod_ediv       c_w.l(btod.o)
    0x08006dfe   0x08006dfe   0x0000002a   Code   RO         1291    CL$$btod_emul       c_w.l(btod.o)
    0x08006e28   0x08006e28   0x00000244   Code   RO         1297    CL$$btod_mult_common  c_w.l(btod.o)
    0x0800706c   0x0800706c   0x00000028   Code   RO         1167    i.__ARM_fpclassify  m_ws.l(fpclassify.o)
    0x08007094   0x08007094   0x000000aa   Code   RO         1169    i.__kernel_poly     m_ws.l(poly.o)
    0x0800713e   0x0800713e   0x00000002   PAD
    0x08007140   0x08007140   0x00000010   Code   RO         1153    i.__mathlib_dbl_divzero  m_ws.l(dunder.o)
    0x08007150   0x08007150   0x00000004   Code   RO         1155    i.__mathlib_dbl_infnan2  m_ws.l(dunder.o)
    0x08007154   0x08007154   0x0000000c   Code   RO         1156    i.__mathlib_dbl_invalid  m_ws.l(dunder.o)
    0x08007160   0x08007160   0x0000000e   Code   RO         1157    i.__mathlib_dbl_overflow  m_ws.l(dunder.o)
    0x0800716e   0x0800716e   0x00000002   PAD
    0x08007170   0x08007170   0x00000010   Code   RO         1159    i.__mathlib_dbl_underflow  m_ws.l(dunder.o)
    0x08007180   0x08007180   0x0000000e   Code   RO          919    i._is_digit         c_w.l(__printf_wp.o)
    0x0800718e   0x0800718e   0x00000002   PAD
    0x08007190   0x08007190   0x000009d8   Code   RO         1030    i.pow               m_ws.l(pow.o)
    0x08007b68   0x08007b68   0x0000004c   Code   RO         1048    i.sqrt              m_ws.l(sqrt.o)
    0x08007bb4   0x08007bb4   0x0000002c   Code   RO         1332    locale$$code        c_w.l(lc_numeric_c.o)
    0x08007be0   0x08007be0   0x0000002c   Code   RO         1488    locale$$code        c_w.l(lc_ctype_c.o)
    0x08007c0c   0x08007c0c   0x00000150   Code   RO          955    x$fpl$dadd          fz_ws.l(daddsub_clz.o)
    0x08007d5c   0x08007d5c   0x00000010   Code   RO         1399    x$fpl$dcheck1       fz_ws.l(dcheck1.o)
    0x08007d6c   0x08007d6c   0x00000018   Code   RO         1117    x$fpl$dcmpinf       fz_ws.l(dcmpi.o)
    0x08007d84   0x08007d84   0x000002b0   Code   RO          962    x$fpl$ddiv          fz_ws.l(ddiv.o)
    0x08008034   0x08008034   0x0000002e   Code   RO          970    x$fpl$dflt          fz_ws.l(dflt_clz.o)
    0x08008062   0x08008062   0x00000002   PAD
    0x08008064   0x08008064   0x00000078   Code   RO          975    x$fpl$dleqf         fz_ws.l(dleqf.o)
    0x080080dc   0x080080dc   0x00000154   Code   RO          977    x$fpl$dmul          fz_ws.l(dmul.o)
    0x08008230   0x08008230   0x0000009c   Code   RO         1119    x$fpl$dnaninf       fz_ws.l(dnaninf.o)
    0x080082cc   0x080082cc   0x0000000c   Code   RO         1121    x$fpl$dretinf       fz_ws.l(dretinf.o)
    0x080082d8   0x080082d8   0x0000006c   Code   RO          979    x$fpl$drleqf        fz_ws.l(drleqf.o)
    0x08008344   0x08008344   0x00000016   Code   RO          956    x$fpl$drsb          fz_ws.l(daddsub_clz.o)
    0x0800835a   0x0800835a   0x00000002   PAD
    0x0800835c   0x0800835c   0x000001cc   Code   RO         1123    x$fpl$dsqrt         fz_ws.l(dsqrt_noumaal.o)
    0x08008528   0x08008528   0x000001d4   Code   RO          957    x$fpl$dsub          fz_ws.l(daddsub_clz.o)
    0x080086fc   0x080086fc   0x00000056   Code   RO          981    x$fpl$f2d           fz_ws.l(f2d.o)
    0x08008752   0x08008752   0x00000002   PAD
    0x08008754   0x08008754   0x000000c4   Code   RO          983    x$fpl$fadd          fz_ws.l(faddsub_clz.o)
    0x08008818   0x08008818   0x00000184   Code   RO          990    x$fpl$fdiv          fz_ws.l(fdiv.o)
    0x0800899c   0x0800899c   0x00000030   Code   RO         1000    x$fpl$fflt          fz_ws.l(fflt_clz.o)
    0x080089cc   0x080089cc   0x00000102   Code   RO         1007    x$fpl$fmul          fz_ws.l(fmul.o)
    0x08008ace   0x08008ace   0x0000008c   Code   RO         1127    x$fpl$fnaninf       fz_ws.l(fnaninf.o)
    0x08008b5a   0x08008b5a   0x0000000a   Code   RO         1129    x$fpl$fretinf       fz_ws.l(fretinf.o)
    0x08008b64   0x08008b64   0x000000ea   Code   RO          985    x$fpl$fsub          fz_ws.l(faddsub_clz.o)
    0x08008c4e   0x08008c4e   0x00000004   Code   RO         1011    x$fpl$printf1       fz_ws.l(printf1.o)
    0x08008c52   0x08008c52   0x00000004   Code   RO         1131    x$fpl$printf2       fz_ws.l(printf2.o)
    0x08008c56   0x08008c56   0x00000064   Code   RO         1469    x$fpl$retnan        fz_ws.l(retnan.o)
    0x08008cba   0x08008cba   0x0000005c   Code   RO         1137    x$fpl$scalbn        fz_ws.l(scalbn.o)
    0x08008d16   0x08008d16   0x00000030   Code   RO         1511    x$fpl$trapveneer    fz_ws.l(trapv.o)
    0x08008d46   0x08008d46   0x00000000   Code   RO         1139    x$fpl$usenofp       fz_ws.l(usenofp.o)
    0x08008d46   0x08008d46   0x0000000c   Data   RO          529    .constdata          bsp_usart.o
    0x08008d52   0x08008d52   0x00000086   Data   RO          629    .constdata          qmax981.o
    0x08008dd8   0x08008dd8   0x00000015   Data   RO          705    .constdata          qmp6988.o
    0x08008ded   0x08008ded   0x00000b98   Data   RO          850    .constdata          oled.o
    0x08009985   0x08009985   0x00000028   Data   RO          907    .constdata          c_w.l(_printf_hex_int_ll_ptr.o)
    0x080099ad   0x080099ad   0x00000011   Data   RO          927    .constdata          c_w.l(__printf_flags_ss_wp.o)
    0x080099be   0x080099be   0x00000002   PAD
    0x080099c0   0x080099c0   0x00000088   Data   RO         1031    .constdata          m_ws.l(pow.o)
    0x08009a48   0x08009a48   0x00000008   Data   RO         1079    .constdata          c_w.l(_printf_wctomb.o)
    0x08009a50   0x08009a50   0x00000008   Data   RO         1171    .constdata          m_ws.l(qnan.o)
    0x08009a58   0x08009a58   0x00000026   Data   RO         1273    .constdata          c_w.l(_printf_fp_hex.o)
    0x08009a7e   0x08009a7e   0x00000002   PAD
    0x08009a80   0x08009a80   0x00000094   Data   RO         1286    .constdata          c_w.l(bigflt0.o)
    0x08009b14   0x08009b14   0x00000020   Data   RO         1554    Region$$Table       anon$$obj.o
    0x08009b34   0x08009b34   0x0000001c   Data   RO         1331    locale$$data        c_w.l(lc_numeric_c.o)
    0x08009b50   0x08009b50   0x00000110   Data   RO         1487    locale$$data        c_w.l(lc_ctype_c.o)


    Execution Region RW_IRAM1 (Exec base: 0x20000000, Load base: 0x08009c60, Size: 0x000008c0, Max: 0x00005000, ABSOLUTE)

    Exec Addr    Load Addr    Size         Type   Attr      Idx    E Section Name        Object

    0x20000000   0x08009c60   0x00000014   Data   RW           25    .data               system_stm32f10x.o
    0x20000014   0x08009c74   0x00000014   Data   RW          318    .data               stm32f10x_rcc.o
    0x20000028   0x08009c88   0x00000021   Data   RW          405    .data               main.o
    0x20000049   0x08009ca9   0x00000001   PAD
    0x2000004a   0x08009caa   0x00000008   Data   RW          630    .data               qmax981.o
    0x20000052   0x08009cb2   0x00000002   PAD
    0x20000054   0x08009cb4   0x00000004   Data   RW          683    .data               bsp_spi.o
    0x20000058   0x08009cb8   0x00000080   Data   RW          706    .data               qmp6988.o
    0x200000d8   0x08009d38   0x00000004   Data   RW          940    .data               c_w.l(stdio_streams.o)
    0x200000dc   0x08009d3c   0x00000004   Data   RW          941    .data               c_w.l(stdio_streams.o)
    0x200000e0   0x08009d40   0x00000004   Data   RW          942    .data               c_w.l(stdio_streams.o)
    0x200000e4        -       0x00000018   Zero   RW          628    .bss                qmax981.o
    0x200000fc   0x08009d44   0x00000004   PAD
    0x20000100        -       0x00000040   Zero   RW          704    .bss                qmp6988.o
    0x20000140        -       0x00000024   Zero   RW          833    .bss                bsp_timer.o
    0x20000164        -       0x00000054   Zero   RW          937    .bss                c_w.l(stdio_streams.o)
    0x200001b8        -       0x00000054   Zero   RW          938    .bss                c_w.l(stdio_streams.o)
    0x2000020c        -       0x00000054   Zero   RW          939    .bss                c_w.l(stdio_streams.o)
    0x20000260        -       0x00000060   Zero   RW         1404    .bss                c_w.l(libspace.o)
    0x200002c0        -       0x00000200   Zero   RW            2    HEAP                startup_stm32f10x_md.o
    0x200004c0        -       0x00000400   Zero   RW            1    STACK               startup_stm32f10x_md.o


==============================================================================

Image component sizes


      Code (inc. data)   RO Data    RW Data    ZI Data      Debug   Object Name

       116          6          0          0          0        686   bsp_led.o
       736         42          0          4          0       3322   bsp_spi.o
       160         14          0          0          0      16009   bsp_systick.o
       936         12          0          0         36       4599   bsp_timer.o
       464         14         12          0          0       6882   bsp_usart.o
         0          0          0          0          0       4508   core_cm3.o
       496        120          0         33          0       3259   main.o
       220         22          0          0          0       1813   misc.o
      1428         18       2968          0          0       6880   oled.o
      2732        498        134          8         24       9872   qmax981.o
      3296        736         21        128         64       5685   qmp6988.o
      1144          6          0          0          0       5297   qst_sw_i2c.o
        64         26        236          0       1536        872   startup_stm32f10x_md.o
       284         10          0          0          0       2267   stm32f10x_exti.o
       860         38          0          0          0       5741   stm32f10x_gpio.o
       124          8          0          0          0       1690   stm32f10x_it.o
       932         36          0         20          0       8920   stm32f10x_rcc.o
       780         14          0          0          0       6626   stm32f10x_spi.o
      3610         88          0          0          0      22852   stm32f10x_tim.o
      1032         22          0          0          0       8472   stm32f10x_usart.o
       480         38          0         20          0     257995   system_stm32f10x.o

    ----------------------------------------------------------------------
     19896       1768       3403        216       1664     384247   Object Totals
         0          0         32          0          0          0   (incl. Generated)
         2          0          0          3          4          0   (incl. Padding)

    ----------------------------------------------------------------------

      Code (inc. data)   RO Data    RW Data    ZI Data      Debug   Library Member Name

        44          6          0          0          0         84   __2sprintf.o
         8          0          0          0          0         68   __main.o
       392          4         17          0          0         92   __printf_flags_ss_wp.o
        14          0          0          0          0         68   __printf_wp.o
         0          0          0          0          0          0   __rtentry.o
        12          0          0          0          0          0   __rtentry2.o
         6          0          0          0          0          0   __rtentry4.o
        52          8          0          0          0          0   __scatter.o
        26          0          0          0          0          0   __scatter_copy.o
        28          0          0          0          0          0   __scatter_zi.o
         6          0          0          0          0          0   _printf_a.o
         6          0          0          0          0          0   _printf_c.o
        44          0          0          0          0        108   _printf_char.o
        48          6          0          0          0         96   _printf_char_common.o
        36          4          0          0          0         80   _printf_char_file.o
        40          0          0          0          0         68   _printf_charcount.o
         6          0          0          0          0          0   _printf_d.o
       120         16          0          0          0         92   _printf_dec.o
         6          0          0          0          0          0   _printf_e.o
         6          0          0          0          0          0   _printf_f.o
      1054          0          0          0          0        216   _printf_fp_dec.o
       764          8         38          0          0        100   _printf_fp_hex.o
       128         16          0          0          0         84   _printf_fp_infnan.o
         6          0          0          0          0          0   _printf_g.o
       148          4         40          0          0        160   _printf_hex_int_ll_ptr.o
         6          0          0          0          0          0   _printf_i.o
       178          0          0          0          0         88   _printf_intcommon.o
        10          0          0          0          0          0   _printf_l.o
         6          0          0          0          0          0   _printf_lc.o
        10          0          0          0          0          0   _printf_ll.o
         6          0          0          0          0          0   _printf_lld.o
         6          0          0          0          0          0   _printf_lli.o
         6          0          0          0          0          0   _printf_llo.o
         6          0          0          0          0          0   _printf_llu.o
         6          0          0          0          0          0   _printf_llx.o
       124         16          0          0          0         92   _printf_longlong_dec.o
         6          0          0          0          0          0   _printf_ls.o
         6          0          0          0          0          0   _printf_n.o
         6          0          0          0          0          0   _printf_o.o
       112         10          0          0          0        124   _printf_oct_int_ll.o
         6          0          0          0          0          0   _printf_p.o
        78          0          0          0          0        108   _printf_pad.o
         0          0          0          0          0          0   _printf_percent.o
         4          0          0          0          0          0   _printf_percent_end.o
         6          0          0          0          0          0   _printf_s.o
        82          0          0          0          0         80   _printf_str.o
        36          0          0          0          0         84   _printf_truncate.o
         6          0          0          0          0          0   _printf_u.o
        44          0          0          0          0        108   _printf_wchar.o
       188          6          8          0          0         92   _printf_wctomb.o
         6          0          0          0          0          0   _printf_x.o
        22          0          0          0          0        100   _rserrno.o
        10          0          0          0          0         68   _sputc.o
        64          0          0          0          0         92   _wcrtomb.o
       228          4        148          0          0         96   bigflt0.o
      1936        128          0          0          0        672   btod.o
        10          0          0          0          0         68   defsig_exit.o
        50          0          0          0          0         88   defsig_general.o
        80         58          0          0          0         76   defsig_rtmem_inner.o
        14          0          0          0          0         80   defsig_rtmem_outer.o
        52         38          0          0          0         76   defsig_rtred_inner.o
        14          0          0          0          0         80   defsig_rtred_outer.o
        18          0          0          0          0         80   exit.o
        76          0          0          0          0         88   fclose.o
         8          0          0          0          0         68   ferror.o
       236          4          0          0          0        128   fopen.o
       248          6          0          0          0         84   fseek.o
        66          0          0          0          0         76   ftell.o
        94          0          0          0          0         80   h1_alloc.o
        52          0          0          0          0         68   h1_extend.o
        78          0          0          0          0         80   h1_free.o
        14          0          0          0          0         84   h1_init.o
         6          0          0          0          0        152   heapauxi.o
         4          0          0          0          0        136   hguard.o
         0          0          0          0          0          0   indicate_semi.o
       138          0          0          0          0        168   init_alloc.o
       312         46          0          0          0        112   initio.o
        44         10        272          0          0         76   lc_ctype_c.o
        44         10         28          0          0         76   lc_numeric_c.o
         2          0          0          0          0          0   libinit.o
        42          0          0          0          0          0   libinit2.o
         2          0          0          0          0          0   libshutdown.o
         6          0          0          0          0          0   libshutdown2.o
         8          4          0          0         96         68   libspace.o
       138          0          0          0          0         80   lludiv10.o
         0          0          0          0          0          0   maybetermalloc1.o
        16          4          0          0          0         76   rt_ctype_table.o
         8          4          0          0          0         68   rt_errno_addr_intlibspace.o
         8          4          0          0          0         68   rt_heap_descriptor_intlibspace.o
         8          4          0          0          0         68   rt_locale_intlibspace.o
        78          0          0          0          0         80   rt_memclr_w.o
         2          0          0          0          0          0   rtexit.o
        10          0          0          0          0          0   rtexit2.o
        70          0          0          0          0         80   setvbuf.o
       240          6          0          0          0        156   stdio.o
         0          0          0         12        252          0   stdio_streams.o
       128          0          0          0          0         68   strcmpv7m.o
        12          4          0          0          0         68   sys_exit.o
        74          0          0          0          0         80   sys_stackheap_outer.o
         2          0          0          0          0         68   use_no_semi.o
        10          0          0          0          0         68   vfprintf.o
       826         16          0          0          0        348   daddsub_clz.o
        16          4          0          0          0         68   dcheck1.o
        24          0          0          0          0         68   dcmpi.o
       688        140          0          0          0        208   ddiv.o
        46          0          0          0          0         68   dflt_clz.o
       120          4          0          0          0         92   dleqf.o
       340         12          0          0          0        104   dmul.o
       156          4          0          0          0         92   dnaninf.o
        12          0          0          0          0         68   dretinf.o
       108          0          0          0          0         80   drleqf.o
       460         56          0          0          0        120   dsqrt_noumaal.o
        86          4          0          0          0         84   f2d.o
       430          8          0          0          0        168   faddsub_clz.o
       388         76          0          0          0         96   fdiv.o
        48          0          0          0          0         68   fflt_clz.o
       258          4          0          0          0         84   fmul.o
       140          4          0          0          0         84   fnaninf.o
        10          0          0          0          0         68   fretinf.o
         4          0          0          0          0         68   printf1.o
         4          0          0          0          0         68   printf2.o
       100          0          0          0          0         68   retnan.o
        92          0          0          0          0         68   scalbn.o
        48          0          0          0          0         68   trapv.o
         0          0          0          0          0          0   usenofp.o
        62         10          0          0          0        340   dunder.o
        40          0          0          0          0         68   fpclassify.o
       170          0          0          0          0         96   poly.o
      2520        190        136          0          0        324   pow.o
         0          0          8          0          0          0   qnan.o
        76          0          0          0          0         84   sqrt.o

    ----------------------------------------------------------------------
     16034        970        699         12        348       9460   Library Totals
        30          0          4          0          0          0   (incl. Padding)

    ----------------------------------------------------------------------

      Code (inc. data)   RO Data    RW Data    ZI Data      Debug   Library Name

      8732        438        551         12        348       6240   c_w.l
      4404        332          0          0          0       2308   fz_ws.l
      2868        200        144          0          0        912   m_ws.l

    ----------------------------------------------------------------------
     16034        970        699         12        348       9460   Library Totals

    ----------------------------------------------------------------------

==============================================================================


      Code (inc. data)   RO Data    RW Data    ZI Data      Debug   

     35930       2738       4102        228       2012     386631   Grand Totals
     35930       2738       4102        228       2012     386631   ELF Image Totals
     35930       2738       4102        228          0          0   ROM Totals

==============================================================================

    Total RO  Size (Code + RO Data)                40032 (  39.09kB)
    Total RW  Size (RW Data + ZI Data)              2240 (   2.19kB)
    Total ROM Size (Code + RO Data + RW Data)      40260 (  39.32kB)

==============================================================================

